PREHOOK: query: CREATE TABLE IF NOT EXISTS srcins like src
PREHOOK: type: CREATETABLE
POSTHOOK: query: CREATE TABLE IF NOT EXISTS srcins like src
POSTHOOK: type: CREATETABLE
POSTHOOK: Output: default@srcins
PREHOOK: query: CREATE TABLE IF NOT EXISTS srcins1 like src
PREHOOK: type: CREATETABLE
POSTHOOK: query: CREATE TABLE IF NOT EXISTS srcins1 like src
POSTHOOK: type: CREATETABLE
POSTHOOK: Output: default@srcins1
PREHOOK: query: EXPLAIN 
INSERT OVERWRITE TABLE srcins
SELECT concat('ins ', key), value from src
PREHOOK: type: QUERY
POSTHOOK: query: EXPLAIN 
INSERT OVERWRITE TABLE srcins
SELECT concat('ins ', key), value from src
POSTHOOK: type: QUERY
ABSTRACT SYNTAX TREE:
  (TOK_QUERY (TOK_FROM (TOK_TABREF src)) (TOK_INSERT (TOK_DESTINATION (TOK_TAB srcins)) (TOK_SELECT (TOK_SELEXPR (TOK_FUNCTION concat 'ins ' (TOK_TABLE_OR_COL key))) (TOK_SELEXPR (TOK_TABLE_OR_COL value)))))

STAGE DEPENDENCIES:
  Stage-1 is a root stage
  Stage-0 depends on stages: Stage-1

STAGE PLANS:
  Stage: Stage-1
    Map Reduce
      Alias -> Map Operator Tree:
        src 
          TableScan
            alias: src
            Select Operator
              expressions:
                    expr: concat('ins ', key)
                    type: string
                    expr: value
                    type: string
              outputColumnNames: _col0, _col1
              File Output Operator
                compressed: false
                GlobalTableId: 1
                table:
                    input format: org.apache.hadoop.mapred.TextInputFormat
                    output format: org.apache.hadoop.hive.ql.io.HiveIgnoreKeyTextOutputFormat
                    serde: org.apache.hadoop.hive.serde2.lazy.LazySimpleSerDe
                    name: srcins

  Stage: Stage-0
    Move Operator
      tables:
          replace: true
          table:
              input format: org.apache.hadoop.mapred.TextInputFormat
              output format: org.apache.hadoop.hive.ql.io.HiveIgnoreKeyTextOutputFormat
              serde: org.apache.hadoop.hive.serde2.lazy.LazySimpleSerDe
              name: srcins


PREHOOK: query: INSERT OVERWRITE TABLE srcins
SELECT concat('ins ', key), value from src
PREHOOK: type: QUERY
PREHOOK: Input: default@src
PREHOOK: Output: default@srcins
POSTHOOK: query: INSERT OVERWRITE TABLE srcins
SELECT concat('ins ', key), value from src
POSTHOOK: type: QUERY
POSTHOOK: Input: default@src
POSTHOOK: Output: default@srcins
POSTHOOK: Lineage: srcins.key EXPRESSION [(src)src.FieldSchema(name:key, type:string, comment:default), ]
POSTHOOK: Lineage: srcins.value SIMPLE [(src)src.FieldSchema(name:value, type:string, comment:default), ]
Caching result from file:/tmp/shaojie/hive_2011-06-01_23-13-32_683_4179252695650829833 to file:/tmp/shaojie/cache/hive_2011-06-01_23-13-32_683_4179252695650829833
Caching result from pfile:/home/shaojie/source/hive-temp/build/contrib/scratchdir/hive_2011-06-01_23-13-32_683_4179252695650829833 to pfile:/home/shaojie/source/hive-temp/build/contrib/scratchdir/cache/hive_2011-06-01_23-13-32_683_4179252695650829833
Serializing 1 tasks.
PREHOOK: query: SELECT * FROM srcins
PREHOOK: type: QUERY
PREHOOK: Input: default@srcins
PREHOOK: Output: file:/tmp/shaojie/hive_2011-06-01_23-13-35_664_959425830130661120/-mr-10000
POSTHOOK: query: SELECT * FROM srcins
POSTHOOK: type: QUERY
POSTHOOK: Input: default@srcins
POSTHOOK: Output: file:/tmp/shaojie/hive_2011-06-01_23-13-35_664_959425830130661120/-mr-10000
POSTHOOK: Lineage: srcins.key EXPRESSION [(src)src.FieldSchema(name:key, type:string, comment:default), ]
POSTHOOK: Lineage: srcins.value SIMPLE [(src)src.FieldSchema(name:value, type:string, comment:default), ]
ins 238	val_238
ins 86	val_86
ins 311	val_311
ins 27	val_27
ins 165	val_165
ins 409	val_409
ins 255	val_255
ins 278	val_278
ins 98	val_98
ins 484	val_484
ins 265	val_265
ins 193	val_193
ins 401	val_401
ins 150	val_150
ins 273	val_273
ins 224	val_224
ins 369	val_369
ins 66	val_66
ins 128	val_128
ins 213	val_213
ins 146	val_146
ins 406	val_406
ins 429	val_429
ins 374	val_374
ins 152	val_152
ins 469	val_469
ins 145	val_145
ins 495	val_495
ins 37	val_37
ins 327	val_327
ins 281	val_281
ins 277	val_277
ins 209	val_209
ins 15	val_15
ins 82	val_82
ins 403	val_403
ins 166	val_166
ins 417	val_417
ins 430	val_430
ins 252	val_252
ins 292	val_292
ins 219	val_219
ins 287	val_287
ins 153	val_153
ins 193	val_193
ins 338	val_338
ins 446	val_446
ins 459	val_459
ins 394	val_394
ins 237	val_237
ins 482	val_482
ins 174	val_174
ins 413	val_413
ins 494	val_494
ins 207	val_207
ins 199	val_199
ins 466	val_466
ins 208	val_208
ins 174	val_174
ins 399	val_399
ins 396	val_396
ins 247	val_247
ins 417	val_417
ins 489	val_489
ins 162	val_162
ins 377	val_377
ins 397	val_397
ins 309	val_309
ins 365	val_365
ins 266	val_266
ins 439	val_439
ins 342	val_342
ins 367	val_367
ins 325	val_325
ins 167	val_167
ins 195	val_195
ins 475	val_475
ins 17	val_17
ins 113	val_113
ins 155	val_155
ins 203	val_203
ins 339	val_339
ins 0	val_0
ins 455	val_455
ins 128	val_128
ins 311	val_311
ins 316	val_316
ins 57	val_57
ins 302	val_302
ins 205	val_205
ins 149	val_149
ins 438	val_438
ins 345	val_345
ins 129	val_129
ins 170	val_170
ins 20	val_20
ins 489	val_489
ins 157	val_157
ins 378	val_378
ins 221	val_221
ins 92	val_92
ins 111	val_111
ins 47	val_47
ins 72	val_72
ins 4	val_4
ins 280	val_280
ins 35	val_35
ins 427	val_427
ins 277	val_277
ins 208	val_208
ins 356	val_356
ins 399	val_399
ins 169	val_169
ins 382	val_382
ins 498	val_498
ins 125	val_125
ins 386	val_386
ins 437	val_437
ins 469	val_469
ins 192	val_192
ins 286	val_286
ins 187	val_187
ins 176	val_176
ins 54	val_54
ins 459	val_459
ins 51	val_51
ins 138	val_138
ins 103	val_103
ins 239	val_239
ins 213	val_213
ins 216	val_216
ins 430	val_430
ins 278	val_278
ins 176	val_176
ins 289	val_289
ins 221	val_221
ins 65	val_65
ins 318	val_318
ins 332	val_332
ins 311	val_311
ins 275	val_275
ins 137	val_137
ins 241	val_241
ins 83	val_83
ins 333	val_333
ins 180	val_180
ins 284	val_284
ins 12	val_12
ins 230	val_230
ins 181	val_181
ins 67	val_67
ins 260	val_260
ins 404	val_404
ins 384	val_384
ins 489	val_489
ins 353	val_353
ins 373	val_373
ins 272	val_272
ins 138	val_138
ins 217	val_217
ins 84	val_84
ins 348	val_348
ins 466	val_466
ins 58	val_58
ins 8	val_8
ins 411	val_411
ins 230	val_230
ins 208	val_208
ins 348	val_348
ins 24	val_24
ins 463	val_463
ins 431	val_431
ins 179	val_179
ins 172	val_172
ins 42	val_42
ins 129	val_129
ins 158	val_158
ins 119	val_119
ins 496	val_496
ins 0	val_0
ins 322	val_322
ins 197	val_197
ins 468	val_468
ins 393	val_393
ins 454	val_454
ins 100	val_100
ins 298	val_298
ins 199	val_199
ins 191	val_191
ins 418	val_418
ins 96	val_96
ins 26	val_26
ins 165	val_165
ins 327	val_327
ins 230	val_230
ins 205	val_205
ins 120	val_120
ins 131	val_131
ins 51	val_51
ins 404	val_404
ins 43	val_43
ins 436	val_436
ins 156	val_156
ins 469	val_469
ins 468	val_468
ins 308	val_308
ins 95	val_95
ins 196	val_196
ins 288	val_288
ins 481	val_481
ins 457	val_457
ins 98	val_98
ins 282	val_282
ins 197	val_197
ins 187	val_187
ins 318	val_318
ins 318	val_318
ins 409	val_409
ins 470	val_470
ins 137	val_137
ins 369	val_369
ins 316	val_316
ins 169	val_169
ins 413	val_413
ins 85	val_85
ins 77	val_77
ins 0	val_0
ins 490	val_490
ins 87	val_87
ins 364	val_364
ins 179	val_179
ins 118	val_118
ins 134	val_134
ins 395	val_395
ins 282	val_282
ins 138	val_138
ins 238	val_238
ins 419	val_419
ins 15	val_15
ins 118	val_118
ins 72	val_72
ins 90	val_90
ins 307	val_307
ins 19	val_19
ins 435	val_435
ins 10	val_10
ins 277	val_277
ins 273	val_273
ins 306	val_306
ins 224	val_224
ins 309	val_309
ins 389	val_389
ins 327	val_327
ins 242	val_242
ins 369	val_369
ins 392	val_392
ins 272	val_272
ins 331	val_331
ins 401	val_401
ins 242	val_242
ins 452	val_452
ins 177	val_177
ins 226	val_226
ins 5	val_5
ins 497	val_497
ins 402	val_402
ins 396	val_396
ins 317	val_317
ins 395	val_395
ins 58	val_58
ins 35	val_35
ins 336	val_336
ins 95	val_95
ins 11	val_11
ins 168	val_168
ins 34	val_34
ins 229	val_229
ins 233	val_233
ins 143	val_143
ins 472	val_472
ins 322	val_322
ins 498	val_498
ins 160	val_160
ins 195	val_195
ins 42	val_42
ins 321	val_321
ins 430	val_430
ins 119	val_119
ins 489	val_489
ins 458	val_458
ins 78	val_78
ins 76	val_76
ins 41	val_41
ins 223	val_223
ins 492	val_492
ins 149	val_149
ins 449	val_449
ins 218	val_218
ins 228	val_228
ins 138	val_138
ins 453	val_453
ins 30	val_30
ins 209	val_209
ins 64	val_64
ins 468	val_468
ins 76	val_76
ins 74	val_74
ins 342	val_342
ins 69	val_69
ins 230	val_230
ins 33	val_33
ins 368	val_368
ins 103	val_103
ins 296	val_296
ins 113	val_113
ins 216	val_216
ins 367	val_367
ins 344	val_344
ins 167	val_167
ins 274	val_274
ins 219	val_219
ins 239	val_239
ins 485	val_485
ins 116	val_116
ins 223	val_223
ins 256	val_256
ins 263	val_263
ins 70	val_70
ins 487	val_487
ins 480	val_480
ins 401	val_401
ins 288	val_288
ins 191	val_191
ins 5	val_5
ins 244	val_244
ins 438	val_438
ins 128	val_128
ins 467	val_467
ins 432	val_432
ins 202	val_202
ins 316	val_316
ins 229	val_229
ins 469	val_469
ins 463	val_463
ins 280	val_280
ins 2	val_2
ins 35	val_35
ins 283	val_283
ins 331	val_331
ins 235	val_235
ins 80	val_80
ins 44	val_44
ins 193	val_193
ins 321	val_321
ins 335	val_335
ins 104	val_104
ins 466	val_466
ins 366	val_366
ins 175	val_175
ins 403	val_403
ins 483	val_483
ins 53	val_53
ins 105	val_105
ins 257	val_257
ins 406	val_406
ins 409	val_409
ins 190	val_190
ins 406	val_406
ins 401	val_401
ins 114	val_114
ins 258	val_258
ins 90	val_90
ins 203	val_203
ins 262	val_262
ins 348	val_348
ins 424	val_424
ins 12	val_12
ins 396	val_396
ins 201	val_201
ins 217	val_217
ins 164	val_164
ins 431	val_431
ins 454	val_454
ins 478	val_478
ins 298	val_298
ins 125	val_125
ins 431	val_431
ins 164	val_164
ins 424	val_424
ins 187	val_187
ins 382	val_382
ins 5	val_5
ins 70	val_70
ins 397	val_397
ins 480	val_480
ins 291	val_291
ins 24	val_24
ins 351	val_351
ins 255	val_255
ins 104	val_104
ins 70	val_70
ins 163	val_163
ins 438	val_438
ins 119	val_119
ins 414	val_414
ins 200	val_200
ins 491	val_491
ins 237	val_237
ins 439	val_439
ins 360	val_360
ins 248	val_248
ins 479	val_479
ins 305	val_305
ins 417	val_417
ins 199	val_199
ins 444	val_444
ins 120	val_120
ins 429	val_429
ins 169	val_169
ins 443	val_443
ins 323	val_323
ins 325	val_325
ins 277	val_277
ins 230	val_230
ins 478	val_478
ins 178	val_178
ins 468	val_468
ins 310	val_310
ins 317	val_317
ins 333	val_333
ins 493	val_493
ins 460	val_460
ins 207	val_207
ins 249	val_249
ins 265	val_265
ins 480	val_480
ins 83	val_83
ins 136	val_136
ins 353	val_353
ins 172	val_172
ins 214	val_214
ins 462	val_462
ins 233	val_233
ins 406	val_406
ins 133	val_133
ins 175	val_175
ins 189	val_189
ins 454	val_454
ins 375	val_375
ins 401	val_401
ins 421	val_421
ins 407	val_407
ins 384	val_384
ins 256	val_256
ins 26	val_26
ins 134	val_134
ins 67	val_67
ins 384	val_384
ins 379	val_379
ins 18	val_18
ins 462	val_462
ins 492	val_492
ins 100	val_100
ins 298	val_298
ins 9	val_9
ins 341	val_341
ins 498	val_498
ins 146	val_146
ins 458	val_458
ins 362	val_362
ins 186	val_186
ins 285	val_285
ins 348	val_348
ins 167	val_167
ins 18	val_18
ins 273	val_273
ins 183	val_183
ins 281	val_281
ins 344	val_344
ins 97	val_97
ins 469	val_469
ins 315	val_315
ins 84	val_84
ins 28	val_28
ins 37	val_37
ins 448	val_448
ins 152	val_152
ins 348	val_348
ins 307	val_307
ins 194	val_194
ins 414	val_414
ins 477	val_477
ins 222	val_222
ins 126	val_126
ins 90	val_90
ins 169	val_169
ins 403	val_403
ins 400	val_400
ins 200	val_200
ins 97	val_97
PREHOOK: query: -- duplicated
EXPLAIN 
INSERT OVERWRITE TABLE srcins1
SELECT concat('ins ', key), value from src
PREHOOK: type: QUERY
POSTHOOK: query: -- duplicated
EXPLAIN 
INSERT OVERWRITE TABLE srcins1
SELECT concat('ins ', key), value from src
POSTHOOK: type: QUERY
POSTHOOK: Lineage: srcins.key EXPRESSION [(src)src.FieldSchema(name:key, type:string, comment:default), ]
POSTHOOK: Lineage: srcins.value SIMPLE [(src)src.FieldSchema(name:value, type:string, comment:default), ]
ABSTRACT SYNTAX TREE:
  (TOK_QUERY (TOK_FROM (TOK_TABREF src)) (TOK_INSERT (TOK_DESTINATION (TOK_TAB srcins1)) (TOK_SELECT (TOK_SELEXPR (TOK_FUNCTION concat 'ins ' (TOK_TABLE_OR_COL key))) (TOK_SELEXPR (TOK_TABLE_OR_COL value)))))

STAGE DEPENDENCIES:
  Stage-1 is a root stage
  Stage-0 depends on stages: Stage-1

STAGE PLANS:
  Stage: Stage-1
    Map Reduce
      Alias -> Map Operator Tree:
        src 
          TableScan
            alias: src
            Select Operator
              expressions:
                    expr: concat('ins ', key)
                    type: string
                    expr: value
                    type: string
              outputColumnNames: _col0, _col1
              File Output Operator
                compressed: false
                GlobalTableId: 1
                table:
                    input format: org.apache.hadoop.mapred.TextInputFormat
                    output format: org.apache.hadoop.hive.ql.io.HiveIgnoreKeyTextOutputFormat
                    serde: org.apache.hadoop.hive.serde2.lazy.LazySimpleSerDe
                    name: srcins1

  Stage: Stage-0
    Move Operator
      tables:
          replace: true
          table:
              input format: org.apache.hadoop.mapred.TextInputFormat
              output format: org.apache.hadoop.hive.ql.io.HiveIgnoreKeyTextOutputFormat
              serde: org.apache.hadoop.hive.serde2.lazy.LazySimpleSerDe
              name: srcins1


PREHOOK: query: INSERT OVERWRITE TABLE srcins1
SELECT concat('ins ', key), value from src
PREHOOK: type: QUERY
PREHOOK: Input: default@src
PREHOOK: Output: default@srcins1
POSTHOOK: query: INSERT OVERWRITE TABLE srcins1
SELECT concat('ins ', key), value from src
POSTHOOK: type: QUERY
POSTHOOK: Input: default@src
POSTHOOK: Output: default@srcins1
POSTHOOK: Lineage: srcins.key EXPRESSION [(src)src.FieldSchema(name:key, type:string, comment:default), ]
POSTHOOK: Lineage: srcins.value SIMPLE [(src)src.FieldSchema(name:value, type:string, comment:default), ]
POSTHOOK: Lineage: srcins1.key EXPRESSION [(src)src.FieldSchema(name:key, type:string, comment:default), ]
POSTHOOK: Lineage: srcins1.value SIMPLE [(src)src.FieldSchema(name:value, type:string, comment:default), ]
Caching result from file:/tmp/shaojie/hive_2011-06-01_23-13-36_056_6721581122518985159 to file:/tmp/shaojie/cache/hive_2011-06-01_23-13-36_056_6721581122518985159
Caching result from pfile:/home/shaojie/source/hive-temp/build/contrib/scratchdir/hive_2011-06-01_23-13-36_056_6721581122518985159 to pfile:/home/shaojie/source/hive-temp/build/contrib/scratchdir/cache/hive_2011-06-01_23-13-36_056_6721581122518985159
Serializing 1 tasks.
PREHOOK: query: SELECT * FROM srcins1
PREHOOK: type: QUERY
PREHOOK: Input: default@srcins1
PREHOOK: Output: file:/tmp/shaojie/hive_2011-06-01_23-13-39_006_2586885052845695554/-mr-10000
POSTHOOK: query: SELECT * FROM srcins1
POSTHOOK: type: QUERY
POSTHOOK: Input: default@srcins1
POSTHOOK: Output: file:/tmp/shaojie/hive_2011-06-01_23-13-39_006_2586885052845695554/-mr-10000
POSTHOOK: Lineage: srcins.key EXPRESSION [(src)src.FieldSchema(name:key, type:string, comment:default), ]
POSTHOOK: Lineage: srcins.value SIMPLE [(src)src.FieldSchema(name:value, type:string, comment:default), ]
POSTHOOK: Lineage: srcins1.key EXPRESSION [(src)src.FieldSchema(name:key, type:string, comment:default), ]
POSTHOOK: Lineage: srcins1.value SIMPLE [(src)src.FieldSchema(name:value, type:string, comment:default), ]
ins 238	val_238
ins 86	val_86
ins 311	val_311
ins 27	val_27
ins 165	val_165
ins 409	val_409
ins 255	val_255
ins 278	val_278
ins 98	val_98
ins 484	val_484
ins 265	val_265
ins 193	val_193
ins 401	val_401
ins 150	val_150
ins 273	val_273
ins 224	val_224
ins 369	val_369
ins 66	val_66
ins 128	val_128
ins 213	val_213
ins 146	val_146
ins 406	val_406
ins 429	val_429
ins 374	val_374
ins 152	val_152
ins 469	val_469
ins 145	val_145
ins 495	val_495
ins 37	val_37
ins 327	val_327
ins 281	val_281
ins 277	val_277
ins 209	val_209
ins 15	val_15
ins 82	val_82
ins 403	val_403
ins 166	val_166
ins 417	val_417
ins 430	val_430
ins 252	val_252
ins 292	val_292
ins 219	val_219
ins 287	val_287
ins 153	val_153
ins 193	val_193
ins 338	val_338
ins 446	val_446
ins 459	val_459
ins 394	val_394
ins 237	val_237
ins 482	val_482
ins 174	val_174
ins 413	val_413
ins 494	val_494
ins 207	val_207
ins 199	val_199
ins 466	val_466
ins 208	val_208
ins 174	val_174
ins 399	val_399
ins 396	val_396
ins 247	val_247
ins 417	val_417
ins 489	val_489
ins 162	val_162
ins 377	val_377
ins 397	val_397
ins 309	val_309
ins 365	val_365
ins 266	val_266
ins 439	val_439
ins 342	val_342
ins 367	val_367
ins 325	val_325
ins 167	val_167
ins 195	val_195
ins 475	val_475
ins 17	val_17
ins 113	val_113
ins 155	val_155
ins 203	val_203
ins 339	val_339
ins 0	val_0
ins 455	val_455
ins 128	val_128
ins 311	val_311
ins 316	val_316
ins 57	val_57
ins 302	val_302
ins 205	val_205
ins 149	val_149
ins 438	val_438
ins 345	val_345
ins 129	val_129
ins 170	val_170
ins 20	val_20
ins 489	val_489
ins 157	val_157
ins 378	val_378
ins 221	val_221
ins 92	val_92
ins 111	val_111
ins 47	val_47
ins 72	val_72
ins 4	val_4
ins 280	val_280
ins 35	val_35
ins 427	val_427
ins 277	val_277
ins 208	val_208
ins 356	val_356
ins 399	val_399
ins 169	val_169
ins 382	val_382
ins 498	val_498
ins 125	val_125
ins 386	val_386
ins 437	val_437
ins 469	val_469
ins 192	val_192
ins 286	val_286
ins 187	val_187
ins 176	val_176
ins 54	val_54
ins 459	val_459
ins 51	val_51
ins 138	val_138
ins 103	val_103
ins 239	val_239
ins 213	val_213
ins 216	val_216
ins 430	val_430
ins 278	val_278
ins 176	val_176
ins 289	val_289
ins 221	val_221
ins 65	val_65
ins 318	val_318
ins 332	val_332
ins 311	val_311
ins 275	val_275
ins 137	val_137
ins 241	val_241
ins 83	val_83
ins 333	val_333
ins 180	val_180
ins 284	val_284
ins 12	val_12
ins 230	val_230
ins 181	val_181
ins 67	val_67
ins 260	val_260
ins 404	val_404
ins 384	val_384
ins 489	val_489
ins 353	val_353
ins 373	val_373
ins 272	val_272
ins 138	val_138
ins 217	val_217
ins 84	val_84
ins 348	val_348
ins 466	val_466
ins 58	val_58
ins 8	val_8
ins 411	val_411
ins 230	val_230
ins 208	val_208
ins 348	val_348
ins 24	val_24
ins 463	val_463
ins 431	val_431
ins 179	val_179
ins 172	val_172
ins 42	val_42
ins 129	val_129
ins 158	val_158
ins 119	val_119
ins 496	val_496
ins 0	val_0
ins 322	val_322
ins 197	val_197
ins 468	val_468
ins 393	val_393
ins 454	val_454
ins 100	val_100
ins 298	val_298
ins 199	val_199
ins 191	val_191
ins 418	val_418
ins 96	val_96
ins 26	val_26
ins 165	val_165
ins 327	val_327
ins 230	val_230
ins 205	val_205
ins 120	val_120
ins 131	val_131
ins 51	val_51
ins 404	val_404
ins 43	val_43
ins 436	val_436
ins 156	val_156
ins 469	val_469
ins 468	val_468
ins 308	val_308
ins 95	val_95
ins 196	val_196
ins 288	val_288
ins 481	val_481
ins 457	val_457
ins 98	val_98
ins 282	val_282
ins 197	val_197
ins 187	val_187
ins 318	val_318
ins 318	val_318
ins 409	val_409
ins 470	val_470
ins 137	val_137
ins 369	val_369
ins 316	val_316
ins 169	val_169
ins 413	val_413
ins 85	val_85
ins 77	val_77
ins 0	val_0
ins 490	val_490
ins 87	val_87
ins 364	val_364
ins 179	val_179
ins 118	val_118
ins 134	val_134
ins 395	val_395
ins 282	val_282
ins 138	val_138
ins 238	val_238
ins 419	val_419
ins 15	val_15
ins 118	val_118
ins 72	val_72
ins 90	val_90
ins 307	val_307
ins 19	val_19
ins 435	val_435
ins 10	val_10
ins 277	val_277
ins 273	val_273
ins 306	val_306
ins 224	val_224
ins 309	val_309
ins 389	val_389
ins 327	val_327
ins 242	val_242
ins 369	val_369
ins 392	val_392
ins 272	val_272
ins 331	val_331
ins 401	val_401
ins 242	val_242
ins 452	val_452
ins 177	val_177
ins 226	val_226
ins 5	val_5
ins 497	val_497
ins 402	val_402
ins 396	val_396
ins 317	val_317
ins 395	val_395
ins 58	val_58
ins 35	val_35
ins 336	val_336
ins 95	val_95
ins 11	val_11
ins 168	val_168
ins 34	val_34
ins 229	val_229
ins 233	val_233
ins 143	val_143
ins 472	val_472
ins 322	val_322
ins 498	val_498
ins 160	val_160
ins 195	val_195
ins 42	val_42
ins 321	val_321
ins 430	val_430
ins 119	val_119
ins 489	val_489
ins 458	val_458
ins 78	val_78
ins 76	val_76
ins 41	val_41
ins 223	val_223
ins 492	val_492
ins 149	val_149
ins 449	val_449
ins 218	val_218
ins 228	val_228
ins 138	val_138
ins 453	val_453
ins 30	val_30
ins 209	val_209
ins 64	val_64
ins 468	val_468
ins 76	val_76
ins 74	val_74
ins 342	val_342
ins 69	val_69
ins 230	val_230
ins 33	val_33
ins 368	val_368
ins 103	val_103
ins 296	val_296
ins 113	val_113
ins 216	val_216
ins 367	val_367
ins 344	val_344
ins 167	val_167
ins 274	val_274
ins 219	val_219
ins 239	val_239
ins 485	val_485
ins 116	val_116
ins 223	val_223
ins 256	val_256
ins 263	val_263
ins 70	val_70
ins 487	val_487
ins 480	val_480
ins 401	val_401
ins 288	val_288
ins 191	val_191
ins 5	val_5
ins 244	val_244
ins 438	val_438
ins 128	val_128
ins 467	val_467
ins 432	val_432
ins 202	val_202
ins 316	val_316
ins 229	val_229
ins 469	val_469
ins 463	val_463
ins 280	val_280
ins 2	val_2
ins 35	val_35
ins 283	val_283
ins 331	val_331
ins 235	val_235
ins 80	val_80
ins 44	val_44
ins 193	val_193
ins 321	val_321
ins 335	val_335
ins 104	val_104
ins 466	val_466
ins 366	val_366
ins 175	val_175
ins 403	val_403
ins 483	val_483
ins 53	val_53
ins 105	val_105
ins 257	val_257
ins 406	val_406
ins 409	val_409
ins 190	val_190
ins 406	val_406
ins 401	val_401
ins 114	val_114
ins 258	val_258
ins 90	val_90
ins 203	val_203
ins 262	val_262
ins 348	val_348
ins 424	val_424
ins 12	val_12
ins 396	val_396
ins 201	val_201
ins 217	val_217
ins 164	val_164
ins 431	val_431
ins 454	val_454
ins 478	val_478
ins 298	val_298
ins 125	val_125
ins 431	val_431
ins 164	val_164
ins 424	val_424
ins 187	val_187
ins 382	val_382
ins 5	val_5
ins 70	val_70
ins 397	val_397
ins 480	val_480
ins 291	val_291
ins 24	val_24
ins 351	val_351
ins 255	val_255
ins 104	val_104
ins 70	val_70
ins 163	val_163
ins 438	val_438
ins 119	val_119
ins 414	val_414
ins 200	val_200
ins 491	val_491
ins 237	val_237
ins 439	val_439
ins 360	val_360
ins 248	val_248
ins 479	val_479
ins 305	val_305
ins 417	val_417
ins 199	val_199
ins 444	val_444
ins 120	val_120
ins 429	val_429
ins 169	val_169
ins 443	val_443
ins 323	val_323
ins 325	val_325
ins 277	val_277
ins 230	val_230
ins 478	val_478
ins 178	val_178
ins 468	val_468
ins 310	val_310
ins 317	val_317
ins 333	val_333
ins 493	val_493
ins 460	val_460
ins 207	val_207
ins 249	val_249
ins 265	val_265
ins 480	val_480
ins 83	val_83
ins 136	val_136
ins 353	val_353
ins 172	val_172
ins 214	val_214
ins 462	val_462
ins 233	val_233
ins 406	val_406
ins 133	val_133
ins 175	val_175
ins 189	val_189
ins 454	val_454
ins 375	val_375
ins 401	val_401
ins 421	val_421
ins 407	val_407
ins 384	val_384
ins 256	val_256
ins 26	val_26
ins 134	val_134
ins 67	val_67
ins 384	val_384
ins 379	val_379
ins 18	val_18
ins 462	val_462
ins 492	val_492
ins 100	val_100
ins 298	val_298
ins 9	val_9
ins 341	val_341
ins 498	val_498
ins 146	val_146
ins 458	val_458
ins 362	val_362
ins 186	val_186
ins 285	val_285
ins 348	val_348
ins 167	val_167
ins 18	val_18
ins 273	val_273
ins 183	val_183
ins 281	val_281
ins 344	val_344
ins 97	val_97
ins 469	val_469
ins 315	val_315
ins 84	val_84
ins 28	val_28
ins 37	val_37
ins 448	val_448
ins 152	val_152
ins 348	val_348
ins 307	val_307
ins 194	val_194
ins 414	val_414
ins 477	val_477
ins 222	val_222
ins 126	val_126
ins 90	val_90
ins 169	val_169
ins 403	val_403
ins 400	val_400
ins 200	val_200
ins 97	val_97
