PREHOOK: query: -- EXCLUDE_HADOOP_MAJOR_VERSIONS(0.17, 0.18, 0.19)

SELECT SUM(hash(col)) FROM (SELECT transform(*) using 'tr "\t" "_"' AS col 
FROM (SELECT * FROM srcpart WHERE ds='2008-04-08') subq1) subq2
PREHOOK: type: QUERY
PREHOOK: Input: default@srcpart@ds=2008-04-08/hr=11
PREHOOK: Input: default@srcpart@ds=2008-04-08/hr=12
PREHOOK: Output: file:/var/folders/b7/b7UUwNZdF1KKHtM+5la6f++++TI/-Tmp-/carl/hive_2010-09-14_16-03-06_744_8916435999875497294/10000
POSTHOOK: query: -- EXCLUDE_HADOOP_MAJOR_VERSIONS(0.17, 0.18, 0.19)

SELECT SUM(hash(col)) FROM (SELECT transform(*) using 'tr "\t" "_"' AS col 
FROM (SELECT * FROM srcpart WHERE ds='2008-04-08') subq1) subq2
POSTHOOK: type: QUERY
POSTHOOK: Input: default@srcpart@ds=2008-04-08/hr=11
POSTHOOK: Input: default@srcpart@ds=2008-04-08/hr=12
POSTHOOK: Output: file:/var/folders/b7/b7UUwNZdF1KKHtM+5la6f++++TI/-Tmp-/carl/hive_2010-09-14_16-03-06_744_8916435999875497294/10000
48479881068
PREHOOK: query: ALTER TABLE srcpart ARCHIVE PARTITION (ds='2008-04-08', hr='12')
PREHOOK: type: ALTERTABLE_ARCHIVE
POSTHOOK: query: ALTER TABLE srcpart ARCHIVE PARTITION (ds='2008-04-08', hr='12')
POSTHOOK: type: ALTERTABLE_ARCHIVE
PREHOOK: query: SELECT SUM(hash(col)) FROM (SELECT transform(*) using 'tr "\t" "_"' AS col 
FROM (SELECT * FROM srcpart WHERE ds='2008-04-08') subq1) subq2
PREHOOK: type: QUERY
PREHOOK: Input: default@srcpart@ds=2008-04-08/hr=11
PREHOOK: Input: default@srcpart@ds=2008-04-08/hr=12
PREHOOK: Output: file:/var/folders/b7/b7UUwNZdF1KKHtM+5la6f++++TI/-Tmp-/carl/hive_2010-09-14_16-03-17_452_7700081165719278084/10000
POSTHOOK: query: SELECT SUM(hash(col)) FROM (SELECT transform(*) using 'tr "\t" "_"' AS col 
FROM (SELECT * FROM srcpart WHERE ds='2008-04-08') subq1) subq2
POSTHOOK: type: QUERY
POSTHOOK: Input: default@srcpart@ds=2008-04-08/hr=11
POSTHOOK: Input: default@srcpart@ds=2008-04-08/hr=12
POSTHOOK: Output: file:/var/folders/b7/b7UUwNZdF1KKHtM+5la6f++++TI/-Tmp-/carl/hive_2010-09-14_16-03-17_452_7700081165719278084/10000
48479881068
PREHOOK: query: SELECT key, count(1) FROM srcpart WHERE ds='2008-04-08' AND hr='12' AND key='0' GROUP BY key
PREHOOK: type: QUERY
PREHOOK: Input: default@srcpart@ds=2008-04-08/hr=12
PREHOOK: Output: file:/var/folders/b7/b7UUwNZdF1KKHtM+5la6f++++TI/-Tmp-/carl/hive_2010-09-14_16-03-23_946_2094505434448555442/10000
POSTHOOK: query: SELECT key, count(1) FROM srcpart WHERE ds='2008-04-08' AND hr='12' AND key='0' GROUP BY key
POSTHOOK: type: QUERY
POSTHOOK: Input: default@srcpart@ds=2008-04-08/hr=12
POSTHOOK: Output: file:/var/folders/b7/b7UUwNZdF1KKHtM+5la6f++++TI/-Tmp-/carl/hive_2010-09-14_16-03-23_946_2094505434448555442/10000
0	3
PREHOOK: query: SELECT * FROM srcpart a JOIN src b ON a.key=b.key 
WHERE a.ds='2008-04-08' AND a.hr='12' AND a.key='0'
PREHOOK: type: QUERY
PREHOOK: Input: default@src
PREHOOK: Input: default@srcpart@ds=2008-04-08/hr=12
PREHOOK: Output: file:/var/folders/b7/b7UUwNZdF1KKHtM+5la6f++++TI/-Tmp-/carl/hive_2010-09-14_16-03-30_831_8165847365866183825/10000
POSTHOOK: query: SELECT * FROM srcpart a JOIN src b ON a.key=b.key 
WHERE a.ds='2008-04-08' AND a.hr='12' AND a.key='0'
POSTHOOK: type: QUERY
POSTHOOK: Input: default@src
POSTHOOK: Input: default@srcpart@ds=2008-04-08/hr=12
POSTHOOK: Output: file:/var/folders/b7/b7UUwNZdF1KKHtM+5la6f++++TI/-Tmp-/carl/hive_2010-09-14_16-03-30_831_8165847365866183825/10000
0	val_0	2008-04-08	12	0	val_0
0	val_0	2008-04-08	12	0	val_0
0	val_0	2008-04-08	12	0	val_0
0	val_0	2008-04-08	12	0	val_0
0	val_0	2008-04-08	12	0	val_0
0	val_0	2008-04-08	12	0	val_0
0	val_0	2008-04-08	12	0	val_0
0	val_0	2008-04-08	12	0	val_0
0	val_0	2008-04-08	12	0	val_0
PREHOOK: query: ALTER TABLE srcpart UNARCHIVE PARTITION (ds='2008-04-08', hr='12')
PREHOOK: type: ALTERTABLE_UNARCHIVE
POSTHOOK: query: ALTER TABLE srcpart UNARCHIVE PARTITION (ds='2008-04-08', hr='12')
POSTHOOK: type: ALTERTABLE_UNARCHIVE
PREHOOK: query: SELECT SUM(hash(col)) FROM (SELECT transform(*) using 'tr "\t" "_"' AS col 
FROM (SELECT * FROM srcpart WHERE ds='2008-04-08') subq1) subq2
PREHOOK: type: QUERY
PREHOOK: Input: default@srcpart@ds=2008-04-08/hr=11
PREHOOK: Input: default@srcpart@ds=2008-04-08/hr=12
PREHOOK: Output: file:/var/folders/b7/b7UUwNZdF1KKHtM+5la6f++++TI/-Tmp-/carl/hive_2010-09-14_16-03-37_295_5023082209691925621/10000
POSTHOOK: query: SELECT SUM(hash(col)) FROM (SELECT transform(*) using 'tr "\t" "_"' AS col 
FROM (SELECT * FROM srcpart WHERE ds='2008-04-08') subq1) subq2
POSTHOOK: type: QUERY
POSTHOOK: Input: default@srcpart@ds=2008-04-08/hr=11
POSTHOOK: Input: default@srcpart@ds=2008-04-08/hr=12
POSTHOOK: Output: file:/var/folders/b7/b7UUwNZdF1KKHtM+5la6f++++TI/-Tmp-/carl/hive_2010-09-14_16-03-37_295_5023082209691925621/10000
48479881068
PREHOOK: query: CREATE TABLE harbucket(key INT) 
PARTITIONED by (ds STRING)
CLUSTERED BY (key) INTO 10 BUCKETS
PREHOOK: type: CREATETABLE
POSTHOOK: query: CREATE TABLE harbucket(key INT) 
PARTITIONED by (ds STRING)
CLUSTERED BY (key) INTO 10 BUCKETS
POSTHOOK: type: CREATETABLE
POSTHOOK: Output: default@harbucket
PREHOOK: query: INSERT OVERWRITE TABLE harbucket PARTITION(ds='1') SELECT CAST(key AS INT) AS a FROM src WHERE key < 50
PREHOOK: type: QUERY
PREHOOK: Input: default@src
PREHOOK: Output: default@harbucket@ds=1
POSTHOOK: query: INSERT OVERWRITE TABLE harbucket PARTITION(ds='1') SELECT CAST(key AS INT) AS a FROM src WHERE key < 50
POSTHOOK: type: QUERY
POSTHOOK: Input: default@src
POSTHOOK: Output: default@harbucket@ds=1
POSTHOOK: Lineage: harbucket PARTITION(ds=1).key EXPRESSION [(src)src.FieldSchema(name:key, type:string, comment:default), ]
PREHOOK: query: SELECT key FROM harbucket TABLESAMPLE(BUCKET 1 OUT OF 10) SORT BY key
PREHOOK: type: QUERY
PREHOOK: Input: default@harbucket@ds=1
PREHOOK: Output: file:/var/folders/b7/b7UUwNZdF1KKHtM+5la6f++++TI/-Tmp-/carl/hive_2010-09-14_16-03-51_572_2003242428445607548/10000
POSTHOOK: query: SELECT key FROM harbucket TABLESAMPLE(BUCKET 1 OUT OF 10) SORT BY key
POSTHOOK: type: QUERY
POSTHOOK: Input: default@harbucket@ds=1
POSTHOOK: Output: file:/var/folders/b7/b7UUwNZdF1KKHtM+5la6f++++TI/-Tmp-/carl/hive_2010-09-14_16-03-51_572_2003242428445607548/10000
POSTHOOK: Lineage: harbucket PARTITION(ds=1).key EXPRESSION [(src)src.FieldSchema(name:key, type:string, comment:default), ]
0
0
0
10
20
30
PREHOOK: query: ALTER TABLE srcpart ARCHIVE PARTITION (ds='2008-04-08', hr='12')
PREHOOK: type: ALTERTABLE_ARCHIVE
POSTHOOK: query: ALTER TABLE srcpart ARCHIVE PARTITION (ds='2008-04-08', hr='12')
POSTHOOK: type: ALTERTABLE_ARCHIVE
POSTHOOK: Lineage: harbucket PARTITION(ds=1).key EXPRESSION [(src)src.FieldSchema(name:key, type:string, comment:default), ]
PREHOOK: query: SELECT key FROM harbucket TABLESAMPLE(BUCKET 1 OUT OF 10) SORT BY key
PREHOOK: type: QUERY
PREHOOK: Input: default@harbucket@ds=1
PREHOOK: Output: file:/var/folders/b7/b7UUwNZdF1KKHtM+5la6f++++TI/-Tmp-/carl/hive_2010-09-14_16-03-58_779_5304096215450593102/10000
POSTHOOK: query: SELECT key FROM harbucket TABLESAMPLE(BUCKET 1 OUT OF 10) SORT BY key
POSTHOOK: type: QUERY
POSTHOOK: Input: default@harbucket@ds=1
POSTHOOK: Output: file:/var/folders/b7/b7UUwNZdF1KKHtM+5la6f++++TI/-Tmp-/carl/hive_2010-09-14_16-03-58_779_5304096215450593102/10000
POSTHOOK: Lineage: harbucket PARTITION(ds=1).key EXPRESSION [(src)src.FieldSchema(name:key, type:string, comment:default), ]
0
0
0
10
20
30
PREHOOK: query: ALTER TABLE srcpart UNARCHIVE PARTITION (ds='2008-04-08', hr='12')
PREHOOK: type: ALTERTABLE_UNARCHIVE
POSTHOOK: query: ALTER TABLE srcpart UNARCHIVE PARTITION (ds='2008-04-08', hr='12')
POSTHOOK: type: ALTERTABLE_UNARCHIVE
POSTHOOK: Lineage: harbucket PARTITION(ds=1).key EXPRESSION [(src)src.FieldSchema(name:key, type:string, comment:default), ]
PREHOOK: query: SELECT key FROM harbucket TABLESAMPLE(BUCKET 1 OUT OF 10) SORT BY key
PREHOOK: type: QUERY
PREHOOK: Input: default@harbucket@ds=1
PREHOOK: Output: file:/var/folders/b7/b7UUwNZdF1KKHtM+5la6f++++TI/-Tmp-/carl/hive_2010-09-14_16-04-05_087_8005100322945969669/10000
POSTHOOK: query: SELECT key FROM harbucket TABLESAMPLE(BUCKET 1 OUT OF 10) SORT BY key
POSTHOOK: type: QUERY
POSTHOOK: Input: default@harbucket@ds=1
POSTHOOK: Output: file:/var/folders/b7/b7UUwNZdF1KKHtM+5la6f++++TI/-Tmp-/carl/hive_2010-09-14_16-04-05_087_8005100322945969669/10000
POSTHOOK: Lineage: harbucket PARTITION(ds=1).key EXPRESSION [(src)src.FieldSchema(name:key, type:string, comment:default), ]
0
0
0
10
20
30
PREHOOK: query: DROP TABLE harbucket
PREHOOK: type: DROPTABLE
POSTHOOK: query: DROP TABLE harbucket
POSTHOOK: type: DROPTABLE
POSTHOOK: Output: default@harbucket
POSTHOOK: Lineage: harbucket PARTITION(ds=1).key EXPRESSION [(src)src.FieldSchema(name:key, type:string, comment:default), ]
PREHOOK: query: CREATE TABLE old_name(key INT) 
PARTITIONED by (ds STRING)
PREHOOK: type: CREATETABLE
POSTHOOK: query: CREATE TABLE old_name(key INT) 
PARTITIONED by (ds STRING)
POSTHOOK: type: CREATETABLE
POSTHOOK: Output: default@old_name
POSTHOOK: Lineage: harbucket PARTITION(ds=1).key EXPRESSION [(src)src.FieldSchema(name:key, type:string, comment:default), ]
PREHOOK: query: INSERT OVERWRITE TABLE old_name PARTITION(ds='1') SELECT CAST(key AS INT) AS a FROM src WHERE key < 50
PREHOOK: type: QUERY
PREHOOK: Input: default@src
PREHOOK: Output: default@old_name@ds=1
POSTHOOK: query: INSERT OVERWRITE TABLE old_name PARTITION(ds='1') SELECT CAST(key AS INT) AS a FROM src WHERE key < 50
POSTHOOK: type: QUERY
POSTHOOK: Input: default@src
POSTHOOK: Output: default@old_name@ds=1
POSTHOOK: Lineage: harbucket PARTITION(ds=1).key EXPRESSION [(src)src.FieldSchema(name:key, type:string, comment:default), ]
POSTHOOK: Lineage: old_name PARTITION(ds=1).key EXPRESSION [(src)src.FieldSchema(name:key, type:string, comment:default), ]
PREHOOK: query: ALTER TABLE old_name ARCHIVE PARTITION (ds='1')
PREHOOK: type: ALTERTABLE_ARCHIVE
POSTHOOK: query: ALTER TABLE old_name ARCHIVE PARTITION (ds='1')
POSTHOOK: type: ALTERTABLE_ARCHIVE
POSTHOOK: Lineage: harbucket PARTITION(ds=1).key EXPRESSION [(src)src.FieldSchema(name:key, type:string, comment:default), ]
POSTHOOK: Lineage: old_name PARTITION(ds=1).key EXPRESSION [(src)src.FieldSchema(name:key, type:string, comment:default), ]
PREHOOK: query: SELECT SUM(hash(col)) FROM (SELECT transform(*) using 'tr "\t" "_"' AS col 
FROM (SELECT * FROM old_name WHERE ds='1') subq1) subq2
PREHOOK: type: QUERY
PREHOOK: Input: default@old_name@ds=1
PREHOOK: Output: file:/var/folders/b7/b7UUwNZdF1KKHtM+5la6f++++TI/-Tmp-/carl/hive_2010-09-14_16-04-20_329_4150518762263527965/10000
POSTHOOK: query: SELECT SUM(hash(col)) FROM (SELECT transform(*) using 'tr "\t" "_"' AS col 
FROM (SELECT * FROM old_name WHERE ds='1') subq1) subq2
POSTHOOK: type: QUERY
POSTHOOK: Input: default@old_name@ds=1
POSTHOOK: Output: file:/var/folders/b7/b7UUwNZdF1KKHtM+5la6f++++TI/-Tmp-/carl/hive_2010-09-14_16-04-20_329_4150518762263527965/10000
POSTHOOK: Lineage: harbucket PARTITION(ds=1).key EXPRESSION [(src)src.FieldSchema(name:key, type:string, comment:default), ]
POSTHOOK: Lineage: old_name PARTITION(ds=1).key EXPRESSION [(src)src.FieldSchema(name:key, type:string, comment:default), ]
48656137
PREHOOK: query: ALTER TABLE old_name RENAME TO new_name
PREHOOK: type: ALTERTABLE_RENAME
POSTHOOK: query: ALTER TABLE old_name RENAME TO new_name
POSTHOOK: type: ALTERTABLE_RENAME
POSTHOOK: Input: default@old_name
POSTHOOK: Output: default@new_name
POSTHOOK: Lineage: harbucket PARTITION(ds=1).key EXPRESSION [(src)src.FieldSchema(name:key, type:string, comment:default), ]
POSTHOOK: Lineage: old_name PARTITION(ds=1).key EXPRESSION [(src)src.FieldSchema(name:key, type:string, comment:default), ]
PREHOOK: query: SELECT SUM(hash(col)) FROM (SELECT transform(*) using 'tr "\t" "_"' AS col 
FROM (SELECT * FROM new_name WHERE ds='1') subq1) subq2
PREHOOK: type: QUERY
PREHOOK: Input: default@new_name@ds=1
PREHOOK: Output: file:/var/folders/b7/b7UUwNZdF1KKHtM+5la6f++++TI/-Tmp-/carl/hive_2010-09-14_16-04-27_284_3620843794297400178/10000
POSTHOOK: query: SELECT SUM(hash(col)) FROM (SELECT transform(*) using 'tr "\t" "_"' AS col 
FROM (SELECT * FROM new_name WHERE ds='1') subq1) subq2
POSTHOOK: type: QUERY
POSTHOOK: Input: default@new_name@ds=1
POSTHOOK: Output: file:/var/folders/b7/b7UUwNZdF1KKHtM+5la6f++++TI/-Tmp-/carl/hive_2010-09-14_16-04-27_284_3620843794297400178/10000
POSTHOOK: Lineage: harbucket PARTITION(ds=1).key EXPRESSION [(src)src.FieldSchema(name:key, type:string, comment:default), ]
POSTHOOK: Lineage: old_name PARTITION(ds=1).key EXPRESSION [(src)src.FieldSchema(name:key, type:string, comment:default), ]
NULL
PREHOOK: query: DROP TABLE new_name
PREHOOK: type: DROPTABLE
POSTHOOK: query: DROP TABLE new_name
POSTHOOK: type: DROPTABLE
POSTHOOK: Output: default@new_name
POSTHOOK: Lineage: harbucket PARTITION(ds=1).key EXPRESSION [(src)src.FieldSchema(name:key, type:string, comment:default), ]
POSTHOOK: Lineage: old_name PARTITION(ds=1).key EXPRESSION [(src)src.FieldSchema(name:key, type:string, comment:default), ]
