PREHOOK: query: CREATE TABLE myinput1(key int, value int)
PREHOOK: type: CREATETABLE
POSTHOOK: query: CREATE TABLE myinput1(key int, value int)
POSTHOOK: type: CREATETABLE
POSTHOOK: Output: default@myinput1
PREHOOK: query: LOAD DATA LOCAL INPATH '../data/files/in1.txt' INTO TABLE myinput1
PREHOOK: type: LOAD
POSTHOOK: query: LOAD DATA LOCAL INPATH '../data/files/in1.txt' INTO TABLE myinput1
POSTHOOK: type: LOAD
POSTHOOK: Output: default@myinput1
PREHOOK: query: SELECT sum(hash(a.key,a.value,b.key,b.value)) FROM myinput1 a JOIN myinput1 b
PREHOOK: type: QUERY
PREHOOK: Input: default@myinput1
PREHOOK: Output: file:/tmp/liyintang/hive_2010-11-11_17-59-38_128_5721983744421015511/-mr-10000
POSTHOOK: query: SELECT sum(hash(a.key,a.value,b.key,b.value)) FROM myinput1 a JOIN myinput1 b
POSTHOOK: type: QUERY
POSTHOOK: Input: default@myinput1
POSTHOOK: Output: file:/tmp/liyintang/hive_2010-11-11_17-59-38_128_5721983744421015511/-mr-10000
13630578
PREHOOK: query: SELECT sum(hash(a.key,a.value,b.key,b.value)) FROM myinput1 a LEFT OUTER JOIN myinput1 b
PREHOOK: type: QUERY
PREHOOK: Input: default@myinput1
PREHOOK: Output: file:/tmp/liyintang/hive_2010-11-11_17-59-42_458_3857336078300862994/-mr-10000
POSTHOOK: query: SELECT sum(hash(a.key,a.value,b.key,b.value)) FROM myinput1 a LEFT OUTER JOIN myinput1 b
POSTHOOK: type: QUERY
POSTHOOK: Input: default@myinput1
POSTHOOK: Output: file:/tmp/liyintang/hive_2010-11-11_17-59-42_458_3857336078300862994/-mr-10000
13630578
PREHOOK: query: SELECT sum(hash(a.key,a.value,b.key,b.value)) FROM myinput1 a RIGHT OUTER JOIN myinput1 b
PREHOOK: type: QUERY
PREHOOK: Input: default@myinput1
PREHOOK: Output: file:/tmp/liyintang/hive_2010-11-11_17-59-46_795_3295843614724111648/-mr-10000
POSTHOOK: query: SELECT sum(hash(a.key,a.value,b.key,b.value)) FROM myinput1 a RIGHT OUTER JOIN myinput1 b
POSTHOOK: type: QUERY
POSTHOOK: Input: default@myinput1
POSTHOOK: Output: file:/tmp/liyintang/hive_2010-11-11_17-59-46_795_3295843614724111648/-mr-10000
13630578
PREHOOK: query: SELECT sum(hash(a.key,a.value,b.key,b.value)) FROM myinput1 a JOIN myinput1 b ON a.key = b.value
PREHOOK: type: QUERY
PREHOOK: Input: default@myinput1
PREHOOK: Output: file:/tmp/liyintang/hive_2010-11-11_17-59-51_810_8495116173420785144/-mr-10000
POSTHOOK: query: SELECT sum(hash(a.key,a.value,b.key,b.value)) FROM myinput1 a JOIN myinput1 b ON a.key = b.value
POSTHOOK: type: QUERY
POSTHOOK: Input: default@myinput1
POSTHOOK: Output: file:/tmp/liyintang/hive_2010-11-11_17-59-51_810_8495116173420785144/-mr-10000
3078400
PREHOOK: query: SELECT sum(hash(a.key,a.value,b.key,b.value)) FROM myinput1 a JOIN myinput1 b ON a.key = b.key
PREHOOK: type: QUERY
PREHOOK: Input: default@myinput1
PREHOOK: Output: file:/tmp/liyintang/hive_2010-11-11_17-59-56_866_676999079349671986/-mr-10000
POSTHOOK: query: SELECT sum(hash(a.key,a.value,b.key,b.value)) FROM myinput1 a JOIN myinput1 b ON a.key = b.key
POSTHOOK: type: QUERY
POSTHOOK: Input: default@myinput1
POSTHOOK: Output: file:/tmp/liyintang/hive_2010-11-11_17-59-56_866_676999079349671986/-mr-10000
4509856
PREHOOK: query: SELECT sum(hash(a.key,a.value,b.key,b.value)) FROM myinput1 a JOIN myinput1 b ON a.value = b.value
PREHOOK: type: QUERY
PREHOOK: Input: default@myinput1
PREHOOK: Output: file:/tmp/liyintang/hive_2010-11-11_18-00-01_985_6481162350367357952/-mr-10000
POSTHOOK: query: SELECT sum(hash(a.key,a.value,b.key,b.value)) FROM myinput1 a JOIN myinput1 b ON a.value = b.value
POSTHOOK: type: QUERY
POSTHOOK: Input: default@myinput1
POSTHOOK: Output: file:/tmp/liyintang/hive_2010-11-11_18-00-01_985_6481162350367357952/-mr-10000
3112070
PREHOOK: query: SELECT sum(hash(a.key,a.value,b.key,b.value)) FROM myinput1 a JOIN myinput1 b ON a.value = b.value and a.key=b.key
PREHOOK: type: QUERY
PREHOOK: Input: default@myinput1
PREHOOK: Output: file:/tmp/liyintang/hive_2010-11-11_18-00-07_433_5697822947001003360/-mr-10000
POSTHOOK: query: SELECT sum(hash(a.key,a.value,b.key,b.value)) FROM myinput1 a JOIN myinput1 b ON a.value = b.value and a.key=b.key
POSTHOOK: type: QUERY
POSTHOOK: Input: default@myinput1
POSTHOOK: Output: file:/tmp/liyintang/hive_2010-11-11_18-00-07_433_5697822947001003360/-mr-10000
3078400
PREHOOK: query: SELECT sum(hash(a.key,a.value,b.key,b.value)) FROM myinput1 a LEFT OUTER JOIN myinput1 b ON a.key = b.value
PREHOOK: type: QUERY
PREHOOK: Input: default@myinput1
PREHOOK: Output: file:/tmp/liyintang/hive_2010-11-11_18-00-11_860_7663380874040287741/-mr-10000
POSTHOOK: query: SELECT sum(hash(a.key,a.value,b.key,b.value)) FROM myinput1 a LEFT OUTER JOIN myinput1 b ON a.key = b.value
POSTHOOK: type: QUERY
POSTHOOK: Input: default@myinput1
POSTHOOK: Output: file:/tmp/liyintang/hive_2010-11-11_18-00-11_860_7663380874040287741/-mr-10000
4542003
PREHOOK: query: SELECT sum(hash(a.key,a.value,b.key,b.value)) FROM myinput1 a LEFT OUTER JOIN myinput1 b ON a.value = b.value
PREHOOK: type: QUERY
PREHOOK: Input: default@myinput1
PREHOOK: Output: file:/tmp/liyintang/hive_2010-11-11_18-00-17_087_5570220930038430711/-mr-10000
POSTHOOK: query: SELECT sum(hash(a.key,a.value,b.key,b.value)) FROM myinput1 a LEFT OUTER JOIN myinput1 b ON a.value = b.value
POSTHOOK: type: QUERY
POSTHOOK: Input: default@myinput1
POSTHOOK: Output: file:/tmp/liyintang/hive_2010-11-11_18-00-17_087_5570220930038430711/-mr-10000
4542038
PREHOOK: query: SELECT sum(hash(a.key,a.value,b.key,b.value)) FROM myinput1 a LEFT OUTER JOIN myinput1 b ON a.key = b.key
PREHOOK: type: QUERY
PREHOOK: Input: default@myinput1
PREHOOK: Output: file:/tmp/liyintang/hive_2010-11-11_18-00-21_730_7068579215030025497/-mr-10000
POSTHOOK: query: SELECT sum(hash(a.key,a.value,b.key,b.value)) FROM myinput1 a LEFT OUTER JOIN myinput1 b ON a.key = b.key
POSTHOOK: type: QUERY
POSTHOOK: Input: default@myinput1
POSTHOOK: Output: file:/tmp/liyintang/hive_2010-11-11_18-00-21_730_7068579215030025497/-mr-10000
4543491
PREHOOK: query: SELECT sum(hash(a.key,a.value,b.key,b.value)) FROM myinput1 a LEFT OUTER JOIN myinput1 b ON a.key = b.key and a.value=b.value
PREHOOK: type: QUERY
PREHOOK: Input: default@myinput1
PREHOOK: Output: file:/tmp/liyintang/hive_2010-11-11_18-00-26_763_7077135887434220096/-mr-10000
POSTHOOK: query: SELECT sum(hash(a.key,a.value,b.key,b.value)) FROM myinput1 a LEFT OUTER JOIN myinput1 b ON a.key = b.key and a.value=b.value
POSTHOOK: type: QUERY
POSTHOOK: Input: default@myinput1
POSTHOOK: Output: file:/tmp/liyintang/hive_2010-11-11_18-00-26_763_7077135887434220096/-mr-10000
4542003
PREHOOK: query: SELECT sum(hash(a.key,a.value,b.key,b.value)) FROM myinput1 a RIGHT OUTER JOIN myinput1 b ON a.key = b.value
PREHOOK: type: QUERY
PREHOOK: Input: default@myinput1
PREHOOK: Output: file:/tmp/liyintang/hive_2010-11-11_18-00-31_723_2846348272261226572/-mr-10000
POSTHOOK: query: SELECT sum(hash(a.key,a.value,b.key,b.value)) FROM myinput1 a RIGHT OUTER JOIN myinput1 b ON a.key = b.value
POSTHOOK: type: QUERY
POSTHOOK: Input: default@myinput1
POSTHOOK: Output: file:/tmp/liyintang/hive_2010-11-11_18-00-31_723_2846348272261226572/-mr-10000
3079923
PREHOOK: query: SELECT sum(hash(a.key,a.value,b.key,b.value)) FROM myinput1 a RIGHT OUTER JOIN myinput1 b ON a.key = b.key
PREHOOK: type: QUERY
PREHOOK: Input: default@myinput1
PREHOOK: Output: file:/tmp/liyintang/hive_2010-11-11_18-00-37_879_1948558748358099991/-mr-10000
POSTHOOK: query: SELECT sum(hash(a.key,a.value,b.key,b.value)) FROM myinput1 a RIGHT OUTER JOIN myinput1 b ON a.key = b.key
POSTHOOK: type: QUERY
POSTHOOK: Input: default@myinput1
POSTHOOK: Output: file:/tmp/liyintang/hive_2010-11-11_18-00-37_879_1948558748358099991/-mr-10000
4509891
PREHOOK: query: SELECT sum(hash(a.key,a.value,b.key,b.value)) FROM myinput1 a RIGHT OUTER JOIN myinput1 b ON a.value = b.value
PREHOOK: type: QUERY
PREHOOK: Input: default@myinput1
PREHOOK: Output: file:/tmp/liyintang/hive_2010-11-11_18-00-42_711_8448804775949567435/-mr-10000
POSTHOOK: query: SELECT sum(hash(a.key,a.value,b.key,b.value)) FROM myinput1 a RIGHT OUTER JOIN myinput1 b ON a.value = b.value
POSTHOOK: type: QUERY
POSTHOOK: Input: default@myinput1
POSTHOOK: Output: file:/tmp/liyintang/hive_2010-11-11_18-00-42_711_8448804775949567435/-mr-10000
3113558
PREHOOK: query: SELECT sum(hash(a.key,a.value,b.key,b.value)) FROM myinput1 a RIGHT OUTER JOIN myinput1 b ON a.key=b.key and a.value = b.value
PREHOOK: type: QUERY
PREHOOK: Input: default@myinput1
PREHOOK: Output: file:/tmp/liyintang/hive_2010-11-11_18-00-48_016_2711326187485329520/-mr-10000
POSTHOOK: query: SELECT sum(hash(a.key,a.value,b.key,b.value)) FROM myinput1 a RIGHT OUTER JOIN myinput1 b ON a.key=b.key and a.value = b.value
POSTHOOK: type: QUERY
POSTHOOK: Input: default@myinput1
POSTHOOK: Output: file:/tmp/liyintang/hive_2010-11-11_18-00-48_016_2711326187485329520/-mr-10000
3079923
PREHOOK: query: SELECT sum(hash(a.key,a.value,b.key,b.value)) FROM myinput1 a FULL OUTER JOIN myinput1 b ON a.key = b.value
PREHOOK: type: QUERY
PREHOOK: Input: default@myinput1
PREHOOK: Output: file:/tmp/liyintang/hive_2010-11-11_18-00-52_763_9087751756999134388/-mr-10000
POSTHOOK: query: SELECT sum(hash(a.key,a.value,b.key,b.value)) FROM myinput1 a FULL OUTER JOIN myinput1 b ON a.key = b.value
POSTHOOK: type: QUERY
POSTHOOK: Input: default@myinput1
POSTHOOK: Output: file:/tmp/liyintang/hive_2010-11-11_18-00-52_763_9087751756999134388/-mr-10000
4543526
PREHOOK: query: SELECT sum(hash(a.key,a.value,b.key,b.value)) FROM myinput1 a FULL OUTER JOIN myinput1 b ON a.key = b.key
PREHOOK: type: QUERY
PREHOOK: Input: default@myinput1
PREHOOK: Output: file:/tmp/liyintang/hive_2010-11-11_18-00-58_006_5983144248451158873/-mr-10000
POSTHOOK: query: SELECT sum(hash(a.key,a.value,b.key,b.value)) FROM myinput1 a FULL OUTER JOIN myinput1 b ON a.key = b.key
POSTHOOK: type: QUERY
POSTHOOK: Input: default@myinput1
POSTHOOK: Output: file:/tmp/liyintang/hive_2010-11-11_18-00-58_006_5983144248451158873/-mr-10000
4543526
PREHOOK: query: SELECT sum(hash(a.key,a.value,b.key,b.value)) FROM myinput1 a FULL OUTER JOIN myinput1 b ON a.value = b.value
PREHOOK: type: QUERY
PREHOOK: Input: default@myinput1
PREHOOK: Output: file:/tmp/liyintang/hive_2010-11-11_18-01-03_223_3881722054830137933/-mr-10000
POSTHOOK: query: SELECT sum(hash(a.key,a.value,b.key,b.value)) FROM myinput1 a FULL OUTER JOIN myinput1 b ON a.value = b.value
POSTHOOK: type: QUERY
POSTHOOK: Input: default@myinput1
POSTHOOK: Output: file:/tmp/liyintang/hive_2010-11-11_18-01-03_223_3881722054830137933/-mr-10000
4543526
PREHOOK: query: SELECT sum(hash(a.key,a.value,b.key,b.value)) FROM myinput1 a FULL OUTER JOIN myinput1 b ON a.value = b.value and a.key=b.key
PREHOOK: type: QUERY
PREHOOK: Input: default@myinput1
PREHOOK: Output: file:/tmp/liyintang/hive_2010-11-11_18-01-07_938_7263469664808317293/-mr-10000
POSTHOOK: query: SELECT sum(hash(a.key,a.value,b.key,b.value)) FROM myinput1 a FULL OUTER JOIN myinput1 b ON a.value = b.value and a.key=b.key
POSTHOOK: type: QUERY
POSTHOOK: Input: default@myinput1
POSTHOOK: Output: file:/tmp/liyintang/hive_2010-11-11_18-01-07_938_7263469664808317293/-mr-10000
4543526
PREHOOK: query: SELECT sum(hash(a.key,a.value,b.key,b.value)) from myinput1 a LEFT OUTER JOIN myinput1 b ON (a.value=b.value) RIGHT OUTER JOIN myinput1 c ON (b.value=c.value)
PREHOOK: type: QUERY
PREHOOK: Input: default@myinput1
PREHOOK: Output: file:/tmp/liyintang/hive_2010-11-11_18-01-12_851_3735155037354765439/-mr-10000
POSTHOOK: query: SELECT sum(hash(a.key,a.value,b.key,b.value)) from myinput1 a LEFT OUTER JOIN myinput1 b ON (a.value=b.value) RIGHT OUTER JOIN myinput1 c ON (b.value=c.value)
POSTHOOK: type: QUERY
POSTHOOK: Input: default@myinput1
POSTHOOK: Output: file:/tmp/liyintang/hive_2010-11-11_18-01-12_851_3735155037354765439/-mr-10000
3112070
PREHOOK: query: SELECT sum(hash(a.key,a.value,b.key,b.value)) from myinput1 a RIGHT OUTER JOIN myinput1 b ON (a.value=b.value) LEFT OUTER JOIN myinput1 c ON (b.value=c.value)
PREHOOK: type: QUERY
PREHOOK: Input: default@myinput1
PREHOOK: Output: file:/tmp/liyintang/hive_2010-11-11_18-01-17_734_3064013262164657326/-mr-10000
POSTHOOK: query: SELECT sum(hash(a.key,a.value,b.key,b.value)) from myinput1 a RIGHT OUTER JOIN myinput1 b ON (a.value=b.value) LEFT OUTER JOIN myinput1 c ON (b.value=c.value)
POSTHOOK: type: QUERY
POSTHOOK: Input: default@myinput1
POSTHOOK: Output: file:/tmp/liyintang/hive_2010-11-11_18-01-17_734_3064013262164657326/-mr-10000
3113558
PREHOOK: query: SELECT sum(hash(a.key,a.value,b.key,b.value)) FROM myinput1 a LEFT OUTER JOIN myinput1 b RIGHT OUTER JOIN myinput1 c ON a.value = b.value and b.value = c.value
PREHOOK: type: QUERY
PREHOOK: Input: default@myinput1
PREHOOK: Output: file:/tmp/liyintang/hive_2010-11-11_18-01-22_200_5772028834197460678/-mr-10000
POSTHOOK: query: SELECT sum(hash(a.key,a.value,b.key,b.value)) FROM myinput1 a LEFT OUTER JOIN myinput1 b RIGHT OUTER JOIN myinput1 c ON a.value = b.value and b.value = c.value
POSTHOOK: type: QUERY
POSTHOOK: Input: default@myinput1
POSTHOOK: Output: file:/tmp/liyintang/hive_2010-11-11_18-01-22_200_5772028834197460678/-mr-10000
3112070
