PREHOOK: query: SELECT  /*+ MAPJOIN(b) */ sum(a.key) as sum_a
	FROM srcpart a
	JOIN src b ON a.key = b.key where a.ds is not null
PREHOOK: type: QUERY
PREHOOK: Input: default@src
PREHOOK: Input: default@srcpart@ds=2008-04-08/hr=11
PREHOOK: Input: default@srcpart@ds=2008-04-08/hr=12
PREHOOK: Input: default@srcpart@ds=2008-04-09/hr=11
PREHOOK: Input: default@srcpart@ds=2008-04-09/hr=12
PREHOOK: Output: file:/tmp/yangzhuoluo/hive_2011-04-18_00-58-16_819_6939031189700025247/10000
POSTHOOK: query: SELECT  /*+ MAPJOIN(b) */ sum(a.key) as sum_a
	FROM srcpart a
	JOIN src b ON a.key = b.key where a.ds is not null
POSTHOOK: type: QUERY
POSTHOOK: Input: default@src
POSTHOOK: Input: default@srcpart@ds=2008-04-08/hr=11
POSTHOOK: Input: default@srcpart@ds=2008-04-08/hr=12
POSTHOOK: Input: default@srcpart@ds=2008-04-09/hr=11
POSTHOOK: Input: default@srcpart@ds=2008-04-09/hr=12
POSTHOOK: Output: file:/tmp/yangzhuoluo/hive_2011-04-18_00-58-16_819_6939031189700025247/10000
1114788.0
PREHOOK: query: SELECT  /*+ MAPJOIN(b) */ sum(a.key) as sum_a
	FROM srcpart a
	JOIN src b ON a.key = b.key where a.ds is not null
PREHOOK: type: QUERY
PREHOOK: Input: default@src
PREHOOK: Input: default@srcpart@ds=2008-04-08/hr=11
PREHOOK: Input: default@srcpart@ds=2008-04-08/hr=12
PREHOOK: Input: default@srcpart@ds=2008-04-09/hr=11
PREHOOK: Input: default@srcpart@ds=2008-04-09/hr=12
PREHOOK: Output: file:/tmp/yangzhuoluo/hive_2011-04-18_00-58-23_607_3574022538982595164/10000
POSTHOOK: query: SELECT  /*+ MAPJOIN(b) */ sum(a.key) as sum_a
	FROM srcpart a
	JOIN src b ON a.key = b.key where a.ds is not null
POSTHOOK: type: QUERY
POSTHOOK: Input: default@src
POSTHOOK: Input: default@srcpart@ds=2008-04-08/hr=11
POSTHOOK: Input: default@srcpart@ds=2008-04-08/hr=12
POSTHOOK: Input: default@srcpart@ds=2008-04-09/hr=11
POSTHOOK: Input: default@srcpart@ds=2008-04-09/hr=12
POSTHOOK: Output: file:/tmp/yangzhuoluo/hive_2011-04-18_00-58-23_607_3574022538982595164/10000
1114788.0
