PREHOOK: query: drop table tbl_sahook
PREHOOK: type: DROPTABLE
POSTHOOK: query: drop table tbl_sahook
POSTHOOK: type: DROPTABLE
DummySemanticAnalyzerHook1 Pre: Count 0
DummySemanticAnalyzerHook1 Post: Hive rocks!! Count: 0
PREHOOK: query: create table tbl_sahook (c string)
PREHOOK: type: CREATETABLE
POSTHOOK: query: create table tbl_sahook (c string)
POSTHOOK: type: CREATETABLE
POSTHOOK: Output: default@tbl_sahook
PREHOOK: query: desc extended tbl_sahook
PREHOOK: type: DESCTABLE
POSTHOOK: query: desc extended tbl_sahook
POSTHOOK: type: DESCTABLE
c	string	
	 	 
Detailed Table Information	Table(tableName:tbl_sahook, dbName:default, owner:shaojie, createTime:1302745898, lastAccessTime:0, retention:0, sd:StorageDescriptor(cols:[FieldSchema(name:c, type:string, comment:null)], location:file:/home/shaojie/work/upgrade/hive/trunk/build/ql/test/data/warehouse/tbl_sahook, inputFormat:org.apache.hadoop.mapred.TextInputFormat, outputFormat:org.apache.hadoop.hive.ql.io.HiveIgnoreKeyTextOutputFormat, compressed:false, numBuckets:-1, serdeInfo:SerDeInfo(name:null, serializationLib:org.apache.hadoop.hive.serde2.lazy.LazySimpleSerDe, parameters:{serialization.format=1}), bucketCols:[], sortCols:[], parameters:{}), partitionKeys:[], parameters:{transient_lastDdlTime=1302745898}, viewOriginalText:null, viewExpandedText:null, tableType:MANAGED_TABLE)	
PREHOOK: query: drop table tbl_sahook
PREHOOK: type: DROPTABLE
POSTHOOK: query: drop table tbl_sahook
POSTHOOK: type: DROPTABLE
POSTHOOK: Output: default@tbl_sahook
PREHOOK: query: drop table tbl_sahooks
PREHOOK: type: DROPTABLE
POSTHOOK: query: drop table tbl_sahooks
POSTHOOK: type: DROPTABLE
DummySemanticAnalyzerHook1 Pre: Count 0
DummySemanticAnalyzerHook1 Post: Hive rocks!! Count: 0
PREHOOK: query: create table tbl_sahooks (c string)
PREHOOK: type: CREATETABLE
POSTHOOK: query: create table tbl_sahooks (c string)
POSTHOOK: type: CREATETABLE
POSTHOOK: Output: default@tbl_sahooks
PREHOOK: query: desc extended tbl_sahooks
PREHOOK: type: DESCTABLE
POSTHOOK: query: desc extended tbl_sahooks
POSTHOOK: type: DESCTABLE
c	string	
	 	 
Detailed Table Information	Table(tableName:tbl_sahooks, dbName:default, owner:shaojie, createTime:1302745899, lastAccessTime:0, retention:0, sd:StorageDescriptor(cols:[FieldSchema(name:c, type:string, comment:null)], location:file:/home/shaojie/work/upgrade/hive/trunk/build/ql/test/data/warehouse/tbl_sahooks, inputFormat:org.apache.hadoop.mapred.TextInputFormat, outputFormat:org.apache.hadoop.hive.ql.io.HiveIgnoreKeyTextOutputFormat, compressed:false, numBuckets:-1, serdeInfo:SerDeInfo(name:null, serializationLib:org.apache.hadoop.hive.serde2.lazy.LazySimpleSerDe, parameters:{serialization.format=1}), bucketCols:[], sortCols:[], parameters:{}), partitionKeys:[], parameters:{createdBy=org.apache.hadoop.hive.ql.metadata.DummyCreateTableHook, Message=Open Source rocks!!, transient_lastDdlTime=1302745899}, viewOriginalText:null, viewExpandedText:null, tableType:MANAGED_TABLE)	
PREHOOK: query: drop table tbl_sahooks
PREHOOK: type: DROPTABLE
POSTHOOK: query: drop table tbl_sahooks
POSTHOOK: type: DROPTABLE
POSTHOOK: Output: default@tbl_sahooks
PREHOOK: query: drop table tbl_sahooks
PREHOOK: type: DROPTABLE
POSTHOOK: query: drop table tbl_sahooks
POSTHOOK: type: DROPTABLE
DummySemanticAnalyzerHook1 Pre: Count 0
DummySemanticAnalyzerHook1 Post: Hive rocks!! Count: 0
PREHOOK: query: create table tbl_sahooks (c string)
PREHOOK: type: CREATETABLE
POSTHOOK: query: create table tbl_sahooks (c string)
POSTHOOK: type: CREATETABLE
POSTHOOK: Output: default@tbl_sahooks
PREHOOK: query: desc extended tbl_sahooks
PREHOOK: type: DESCTABLE
POSTHOOK: query: desc extended tbl_sahooks
POSTHOOK: type: DESCTABLE
c	string	
	 	 
Detailed Table Information	Table(tableName:tbl_sahooks, dbName:default, owner:shaojie, createTime:1302745900, lastAccessTime:0, retention:0, sd:StorageDescriptor(cols:[FieldSchema(name:c, type:string, comment:null)], location:file:/home/shaojie/work/upgrade/hive/trunk/build/ql/test/data/warehouse/tbl_sahooks, inputFormat:org.apache.hadoop.mapred.TextInputFormat, outputFormat:org.apache.hadoop.hive.ql.io.HiveIgnoreKeyTextOutputFormat, compressed:false, numBuckets:-1, serdeInfo:SerDeInfo(name:null, serializationLib:org.apache.hadoop.hive.serde2.lazy.LazySimpleSerDe, parameters:{serialization.format=1}), bucketCols:[], sortCols:[], parameters:{}), partitionKeys:[], parameters:{createdBy=org.apache.hadoop.hive.ql.metadata.DummyCreateTableHook, Message=Hive rocks!! Count: 0, transient_lastDdlTime=1302745900}, viewOriginalText:null, viewExpandedText:null, tableType:MANAGED_TABLE)	
PREHOOK: query: drop table tbl_sahooks
PREHOOK: type: DROPTABLE
POSTHOOK: query: drop table tbl_sahooks
POSTHOOK: type: DROPTABLE
POSTHOOK: Output: default@tbl_sahooks
PREHOOK: query: drop table tbl_sahooks
PREHOOK: type: DROPTABLE
POSTHOOK: query: drop table tbl_sahooks
POSTHOOK: type: DROPTABLE
DummySemanticAnalyzerHook1 Pre: Count 0
DummySemanticAnalyzerHook1 Pre: Count 1
DummySemanticAnalyzerHook1 Post: Hive rocks!! Count: 0
DummySemanticAnalyzerHook1 Post: Hive rocks!! Count: 1
PREHOOK: query: create table tbl_sahooks (c string)
PREHOOK: type: CREATETABLE
POSTHOOK: query: create table tbl_sahooks (c string)
POSTHOOK: type: CREATETABLE
POSTHOOK: Output: default@tbl_sahooks
PREHOOK: query: desc extended tbl_sahooks
PREHOOK: type: DESCTABLE
POSTHOOK: query: desc extended tbl_sahooks
POSTHOOK: type: DESCTABLE
c	string	
	 	 
Detailed Table Information	Table(tableName:tbl_sahooks, dbName:default, owner:shaojie, createTime:1302745900, lastAccessTime:0, retention:0, sd:StorageDescriptor(cols:[FieldSchema(name:c, type:string, comment:null)], location:file:/home/shaojie/work/upgrade/hive/trunk/build/ql/test/data/warehouse/tbl_sahooks, inputFormat:org.apache.hadoop.mapred.TextInputFormat, outputFormat:org.apache.hadoop.hive.ql.io.HiveIgnoreKeyTextOutputFormat, compressed:false, numBuckets:-1, serdeInfo:SerDeInfo(name:null, serializationLib:org.apache.hadoop.hive.serde2.lazy.LazySimpleSerDe, parameters:{serialization.format=1}), bucketCols:[], sortCols:[], parameters:{}), partitionKeys:[], parameters:{transient_lastDdlTime=1302745900}, viewOriginalText:null, viewExpandedText:null, tableType:MANAGED_TABLE)	
PREHOOK: query: drop table tbl_sahooks
PREHOOK: type: DROPTABLE
POSTHOOK: query: drop table tbl_sahooks
POSTHOOK: type: DROPTABLE
POSTHOOK: Output: default@tbl_sahooks
