PREHOOK: query: drop table partition_test_partitioned
PREHOOK: type: DROPTABLE
POSTHOOK: query: drop table partition_test_partitioned
POSTHOOK: type: DROPTABLE
PREHOOK: query: create table partition_test_partitioned(key string, value string) partitioned by (dt string)
PREHOOK: type: CREATETABLE
POSTHOOK: query: create table partition_test_partitioned(key string, value string) partitioned by (dt string)
POSTHOOK: type: CREATETABLE
POSTHOOK: Output: default@partition_test_partitioned
PREHOOK: query: insert overwrite table partition_test_partitioned partition(dt=100) select * from src1
PREHOOK: type: QUERY
PREHOOK: Input: default@src1
PREHOOK: Output: default@partition_test_partitioned@dt=100
POSTHOOK: query: insert overwrite table partition_test_partitioned partition(dt=100) select * from src1
POSTHOOK: type: QUERY
POSTHOOK: Input: default@src1
POSTHOOK: Output: default@partition_test_partitioned@dt=100
POSTHOOK: Lineage: partition_test_partitioned PARTITION(dt=100).key SIMPLE [(src1)src1.FieldSchema(name:key, type:string, comment:default), ]
POSTHOOK: Lineage: partition_test_partitioned PARTITION(dt=100).value SIMPLE [(src1)src1.FieldSchema(name:value, type:string, comment:default), ]
PREHOOK: query: show table extended like partition_test_partitioned
PREHOOK: type: SHOW_TABLESTATUS
POSTHOOK: query: show table extended like partition_test_partitioned
POSTHOOK: type: SHOW_TABLESTATUS
POSTHOOK: Lineage: partition_test_partitioned PARTITION(dt=100).key SIMPLE [(src1)src1.FieldSchema(name:key, type:string, comment:default), ]
POSTHOOK: Lineage: partition_test_partitioned PARTITION(dt=100).value SIMPLE [(src1)src1.FieldSchema(name:value, type:string, comment:default), ]
tableName:partition_test_partitioned
owner:tianzhao
location:pfile:/home/tianzhao/svn/taobao-trunk/build/ql/test/data/warehouse/partition_test_partitioned
inputformat:org.apache.hadoop.mapred.TextInputFormat
outputformat:org.apache.hadoop.hive.ql.io.HiveIgnoreKeyTextOutputFormat
columns:struct columns { string key, string value}
partitioned:true
partitionColumns:struct partition_columns { string dt}
totalNumberFiles:1
totalFileSize:216
maxFileSize:216
minFileSize:216
lastAccessTime:0
lastUpdateTime:1307434261000

PREHOOK: query: show table extended like partition_test_partitioned partition(dt=100)
PREHOOK: type: SHOW_TABLESTATUS
POSTHOOK: query: show table extended like partition_test_partitioned partition(dt=100)
POSTHOOK: type: SHOW_TABLESTATUS
POSTHOOK: Lineage: partition_test_partitioned PARTITION(dt=100).key SIMPLE [(src1)src1.FieldSchema(name:key, type:string, comment:default), ]
POSTHOOK: Lineage: partition_test_partitioned PARTITION(dt=100).value SIMPLE [(src1)src1.FieldSchema(name:value, type:string, comment:default), ]
tableName:partition_test_partitioned
owner:tianzhao
location:pfile:/home/tianzhao/svn/taobao-trunk/build/ql/test/data/warehouse/partition_test_partitioned/dt=100
inputformat:org.apache.hadoop.mapred.TextInputFormat
outputformat:org.apache.hadoop.hive.ql.io.HiveIgnoreKeyTextOutputFormat
columns:struct columns { string key, string value}
partitioned:true
partitionColumns:struct partition_columns { string dt}
totalNumberFiles:1
totalFileSize:216
maxFileSize:216
minFileSize:216
lastAccessTime:0
lastUpdateTime:1307434261000

PREHOOK: query: select key from partition_test_partitioned where dt=100
PREHOOK: type: QUERY
PREHOOK: Input: default@partition_test_partitioned@dt=100
PREHOOK: Output: file:/tmp/tianzhao/hive_2011-06-07_01-11-02_153_5613676537835327861/-mr-10000
POSTHOOK: query: select key from partition_test_partitioned where dt=100
POSTHOOK: type: QUERY
POSTHOOK: Input: default@partition_test_partitioned@dt=100
POSTHOOK: Output: file:/tmp/tianzhao/hive_2011-06-07_01-11-02_153_5613676537835327861/-mr-10000
POSTHOOK: Lineage: partition_test_partitioned PARTITION(dt=100).key SIMPLE [(src1)src1.FieldSchema(name:key, type:string, comment:default), ]
POSTHOOK: Lineage: partition_test_partitioned PARTITION(dt=100).value SIMPLE [(src1)src1.FieldSchema(name:value, type:string, comment:default), ]
238

311



255
278
98



401
150
273
224
369
66
128
213
146
406



PREHOOK: query: select key from partition_test_partitioned
PREHOOK: type: QUERY
PREHOOK: Input: default@partition_test_partitioned@dt=100
PREHOOK: Output: file:/tmp/tianzhao/hive_2011-06-07_01-11-05_527_4662640805794407729/-mr-10000
POSTHOOK: query: select key from partition_test_partitioned
POSTHOOK: type: QUERY
POSTHOOK: Input: default@partition_test_partitioned@dt=100
POSTHOOK: Output: file:/tmp/tianzhao/hive_2011-06-07_01-11-05_527_4662640805794407729/-mr-10000
POSTHOOK: Lineage: partition_test_partitioned PARTITION(dt=100).key SIMPLE [(src1)src1.FieldSchema(name:key, type:string, comment:default), ]
POSTHOOK: Lineage: partition_test_partitioned PARTITION(dt=100).value SIMPLE [(src1)src1.FieldSchema(name:value, type:string, comment:default), ]
238

311



255
278
98



401
150
273
224
369
66
128
213
146
406



PREHOOK: query: alter table partition_test_partitioned set fileformat rcfile
PREHOOK: type: ALTERTABLE_FILEFORMAT
POSTHOOK: query: alter table partition_test_partitioned set fileformat rcfile
POSTHOOK: type: ALTERTABLE_FILEFORMAT
POSTHOOK: Input: default@partition_test_partitioned
POSTHOOK: Output: default@partition_test_partitioned
POSTHOOK: Lineage: partition_test_partitioned PARTITION(dt=100).key SIMPLE [(src1)src1.FieldSchema(name:key, type:string, comment:default), ]
POSTHOOK: Lineage: partition_test_partitioned PARTITION(dt=100).value SIMPLE [(src1)src1.FieldSchema(name:value, type:string, comment:default), ]
PREHOOK: query: insert overwrite table partition_test_partitioned partition(dt=101) select * from src1
PREHOOK: type: QUERY
PREHOOK: Input: default@src1
PREHOOK: Output: default@partition_test_partitioned@dt=101
POSTHOOK: query: insert overwrite table partition_test_partitioned partition(dt=101) select * from src1
POSTHOOK: type: QUERY
POSTHOOK: Input: default@src1
POSTHOOK: Output: default@partition_test_partitioned@dt=101
POSTHOOK: Lineage: partition_test_partitioned PARTITION(dt=100).key SIMPLE [(src1)src1.FieldSchema(name:key, type:string, comment:default), ]
POSTHOOK: Lineage: partition_test_partitioned PARTITION(dt=100).value SIMPLE [(src1)src1.FieldSchema(name:value, type:string, comment:default), ]
POSTHOOK: Lineage: partition_test_partitioned PARTITION(dt=101).key SIMPLE [(src1)src1.FieldSchema(name:key, type:string, comment:default), ]
POSTHOOK: Lineage: partition_test_partitioned PARTITION(dt=101).value SIMPLE [(src1)src1.FieldSchema(name:value, type:string, comment:default), ]
PREHOOK: query: show table extended like partition_test_partitioned
PREHOOK: type: SHOW_TABLESTATUS
POSTHOOK: query: show table extended like partition_test_partitioned
POSTHOOK: type: SHOW_TABLESTATUS
POSTHOOK: Lineage: partition_test_partitioned PARTITION(dt=100).key SIMPLE [(src1)src1.FieldSchema(name:key, type:string, comment:default), ]
POSTHOOK: Lineage: partition_test_partitioned PARTITION(dt=100).value SIMPLE [(src1)src1.FieldSchema(name:value, type:string, comment:default), ]
POSTHOOK: Lineage: partition_test_partitioned PARTITION(dt=101).key SIMPLE [(src1)src1.FieldSchema(name:key, type:string, comment:default), ]
POSTHOOK: Lineage: partition_test_partitioned PARTITION(dt=101).value SIMPLE [(src1)src1.FieldSchema(name:value, type:string, comment:default), ]
tableName:partition_test_partitioned
owner:tianzhao
location:pfile:/home/tianzhao/svn/taobao-trunk/build/ql/test/data/warehouse/partition_test_partitioned
inputformat:org.apache.hadoop.hive.ql.io.RCFileInputFormat
outputformat:org.apache.hadoop.hive.ql.io.RCFileOutputFormat
columns:struct columns { string key, string value}
partitioned:true
partitionColumns:struct partition_columns { string dt}
totalNumberFiles:2
totalFileSize:586
maxFileSize:370
minFileSize:216
lastAccessTime:0
lastUpdateTime:1307434271000

PREHOOK: query: show table extended like partition_test_partitioned partition(dt=100)
PREHOOK: type: SHOW_TABLESTATUS
POSTHOOK: query: show table extended like partition_test_partitioned partition(dt=100)
POSTHOOK: type: SHOW_TABLESTATUS
POSTHOOK: Lineage: partition_test_partitioned PARTITION(dt=100).key SIMPLE [(src1)src1.FieldSchema(name:key, type:string, comment:default), ]
POSTHOOK: Lineage: partition_test_partitioned PARTITION(dt=100).value SIMPLE [(src1)src1.FieldSchema(name:value, type:string, comment:default), ]
POSTHOOK: Lineage: partition_test_partitioned PARTITION(dt=101).key SIMPLE [(src1)src1.FieldSchema(name:key, type:string, comment:default), ]
POSTHOOK: Lineage: partition_test_partitioned PARTITION(dt=101).value SIMPLE [(src1)src1.FieldSchema(name:value, type:string, comment:default), ]
tableName:partition_test_partitioned
owner:tianzhao
location:pfile:/home/tianzhao/svn/taobao-trunk/build/ql/test/data/warehouse/partition_test_partitioned/dt=100
inputformat:org.apache.hadoop.mapred.TextInputFormat
outputformat:org.apache.hadoop.hive.ql.io.HiveIgnoreKeyTextOutputFormat
columns:struct columns { string key, string value}
partitioned:true
partitionColumns:struct partition_columns { string dt}
totalNumberFiles:1
totalFileSize:216
maxFileSize:216
minFileSize:216
lastAccessTime:0
lastUpdateTime:1307434271000

PREHOOK: query: show table extended like partition_test_partitioned partition(dt=101)
PREHOOK: type: SHOW_TABLESTATUS
POSTHOOK: query: show table extended like partition_test_partitioned partition(dt=101)
POSTHOOK: type: SHOW_TABLESTATUS
POSTHOOK: Lineage: partition_test_partitioned PARTITION(dt=100).key SIMPLE [(src1)src1.FieldSchema(name:key, type:string, comment:default), ]
POSTHOOK: Lineage: partition_test_partitioned PARTITION(dt=100).value SIMPLE [(src1)src1.FieldSchema(name:value, type:string, comment:default), ]
POSTHOOK: Lineage: partition_test_partitioned PARTITION(dt=101).key SIMPLE [(src1)src1.FieldSchema(name:key, type:string, comment:default), ]
POSTHOOK: Lineage: partition_test_partitioned PARTITION(dt=101).value SIMPLE [(src1)src1.FieldSchema(name:value, type:string, comment:default), ]
tableName:partition_test_partitioned
owner:tianzhao
location:pfile:/home/tianzhao/svn/taobao-trunk/build/ql/test/data/warehouse/partition_test_partitioned/dt=101
inputformat:org.apache.hadoop.hive.ql.io.RCFileInputFormat
outputformat:org.apache.hadoop.hive.ql.io.RCFileOutputFormat
columns:struct columns { string key, string value}
partitioned:true
partitionColumns:struct partition_columns { string dt}
totalNumberFiles:1
totalFileSize:370
maxFileSize:370
minFileSize:370
lastAccessTime:0
lastUpdateTime:1307434271000

PREHOOK: query: select key from partition_test_partitioned where dt=100
PREHOOK: type: QUERY
PREHOOK: Input: default@partition_test_partitioned@dt=100
PREHOOK: Output: file:/tmp/tianzhao/hive_2011-06-07_01-11-11_867_308203106685409970/-mr-10000
POSTHOOK: query: select key from partition_test_partitioned where dt=100
POSTHOOK: type: QUERY
POSTHOOK: Input: default@partition_test_partitioned@dt=100
POSTHOOK: Output: file:/tmp/tianzhao/hive_2011-06-07_01-11-11_867_308203106685409970/-mr-10000
POSTHOOK: Lineage: partition_test_partitioned PARTITION(dt=100).key SIMPLE [(src1)src1.FieldSchema(name:key, type:string, comment:default), ]
POSTHOOK: Lineage: partition_test_partitioned PARTITION(dt=100).value SIMPLE [(src1)src1.FieldSchema(name:value, type:string, comment:default), ]
POSTHOOK: Lineage: partition_test_partitioned PARTITION(dt=101).key SIMPLE [(src1)src1.FieldSchema(name:key, type:string, comment:default), ]
POSTHOOK: Lineage: partition_test_partitioned PARTITION(dt=101).value SIMPLE [(src1)src1.FieldSchema(name:value, type:string, comment:default), ]
238

311



255
278
98



401
150
273
224
369
66
128
213
146
406



PREHOOK: query: select key from partition_test_partitioned where dt=101
PREHOOK: type: QUERY
PREHOOK: Input: default@partition_test_partitioned@dt=101
PREHOOK: Output: file:/tmp/tianzhao/hive_2011-06-07_01-11-14_614_2930078977805546287/-mr-10000
POSTHOOK: query: select key from partition_test_partitioned where dt=101
POSTHOOK: type: QUERY
POSTHOOK: Input: default@partition_test_partitioned@dt=101
POSTHOOK: Output: file:/tmp/tianzhao/hive_2011-06-07_01-11-14_614_2930078977805546287/-mr-10000
POSTHOOK: Lineage: partition_test_partitioned PARTITION(dt=100).key SIMPLE [(src1)src1.FieldSchema(name:key, type:string, comment:default), ]
POSTHOOK: Lineage: partition_test_partitioned PARTITION(dt=100).value SIMPLE [(src1)src1.FieldSchema(name:value, type:string, comment:default), ]
POSTHOOK: Lineage: partition_test_partitioned PARTITION(dt=101).key SIMPLE [(src1)src1.FieldSchema(name:key, type:string, comment:default), ]
POSTHOOK: Lineage: partition_test_partitioned PARTITION(dt=101).value SIMPLE [(src1)src1.FieldSchema(name:value, type:string, comment:default), ]
238

311



255
278
98



401
150
273
224
369
66
128
213
146
406



PREHOOK: query: select key from partition_test_partitioned
PREHOOK: type: QUERY
PREHOOK: Input: default@partition_test_partitioned@dt=100
PREHOOK: Input: default@partition_test_partitioned@dt=101
PREHOOK: Output: file:/tmp/tianzhao/hive_2011-06-07_01-11-17_388_727727671092048416/-mr-10000
POSTHOOK: query: select key from partition_test_partitioned
POSTHOOK: type: QUERY
POSTHOOK: Input: default@partition_test_partitioned@dt=100
POSTHOOK: Input: default@partition_test_partitioned@dt=101
POSTHOOK: Output: file:/tmp/tianzhao/hive_2011-06-07_01-11-17_388_727727671092048416/-mr-10000
POSTHOOK: Lineage: partition_test_partitioned PARTITION(dt=100).key SIMPLE [(src1)src1.FieldSchema(name:key, type:string, comment:default), ]
POSTHOOK: Lineage: partition_test_partitioned PARTITION(dt=100).value SIMPLE [(src1)src1.FieldSchema(name:value, type:string, comment:default), ]
POSTHOOK: Lineage: partition_test_partitioned PARTITION(dt=101).key SIMPLE [(src1)src1.FieldSchema(name:key, type:string, comment:default), ]
POSTHOOK: Lineage: partition_test_partitioned PARTITION(dt=101).value SIMPLE [(src1)src1.FieldSchema(name:value, type:string, comment:default), ]
238

311



255
278
98



401
150
273
224
369
66
128
213
146
406



238

311



255
278
98



401
150
273
224
369
66
128
213
146
406



PREHOOK: query: alter table partition_test_partitioned set fileformat Sequencefile
PREHOOK: type: ALTERTABLE_FILEFORMAT
POSTHOOK: query: alter table partition_test_partitioned set fileformat Sequencefile
POSTHOOK: type: ALTERTABLE_FILEFORMAT
POSTHOOK: Input: default@partition_test_partitioned
POSTHOOK: Output: default@partition_test_partitioned
POSTHOOK: Lineage: partition_test_partitioned PARTITION(dt=100).key SIMPLE [(src1)src1.FieldSchema(name:key, type:string, comment:default), ]
POSTHOOK: Lineage: partition_test_partitioned PARTITION(dt=100).value SIMPLE [(src1)src1.FieldSchema(name:value, type:string, comment:default), ]
POSTHOOK: Lineage: partition_test_partitioned PARTITION(dt=101).key SIMPLE [(src1)src1.FieldSchema(name:key, type:string, comment:default), ]
POSTHOOK: Lineage: partition_test_partitioned PARTITION(dt=101).value SIMPLE [(src1)src1.FieldSchema(name:value, type:string, comment:default), ]
PREHOOK: query: insert overwrite table partition_test_partitioned partition(dt=102) select * from src1
PREHOOK: type: QUERY
PREHOOK: Input: default@src1
PREHOOK: Output: default@partition_test_partitioned@dt=102
POSTHOOK: query: insert overwrite table partition_test_partitioned partition(dt=102) select * from src1
POSTHOOK: type: QUERY
POSTHOOK: Input: default@src1
POSTHOOK: Output: default@partition_test_partitioned@dt=102
POSTHOOK: Lineage: partition_test_partitioned PARTITION(dt=100).key SIMPLE [(src1)src1.FieldSchema(name:key, type:string, comment:default), ]
POSTHOOK: Lineage: partition_test_partitioned PARTITION(dt=100).value SIMPLE [(src1)src1.FieldSchema(name:value, type:string, comment:default), ]
POSTHOOK: Lineage: partition_test_partitioned PARTITION(dt=101).key SIMPLE [(src1)src1.FieldSchema(name:key, type:string, comment:default), ]
POSTHOOK: Lineage: partition_test_partitioned PARTITION(dt=101).value SIMPLE [(src1)src1.FieldSchema(name:value, type:string, comment:default), ]
POSTHOOK: Lineage: partition_test_partitioned PARTITION(dt=102).key SIMPLE [(src1)src1.FieldSchema(name:key, type:string, comment:default), ]
POSTHOOK: Lineage: partition_test_partitioned PARTITION(dt=102).value SIMPLE [(src1)src1.FieldSchema(name:value, type:string, comment:default), ]
PREHOOK: query: show table extended like partition_test_partitioned
PREHOOK: type: SHOW_TABLESTATUS
POSTHOOK: query: show table extended like partition_test_partitioned
POSTHOOK: type: SHOW_TABLESTATUS
POSTHOOK: Lineage: partition_test_partitioned PARTITION(dt=100).key SIMPLE [(src1)src1.FieldSchema(name:key, type:string, comment:default), ]
POSTHOOK: Lineage: partition_test_partitioned PARTITION(dt=100).value SIMPLE [(src1)src1.FieldSchema(name:value, type:string, comment:default), ]
POSTHOOK: Lineage: partition_test_partitioned PARTITION(dt=101).key SIMPLE [(src1)src1.FieldSchema(name:key, type:string, comment:default), ]
POSTHOOK: Lineage: partition_test_partitioned PARTITION(dt=101).value SIMPLE [(src1)src1.FieldSchema(name:value, type:string, comment:default), ]
POSTHOOK: Lineage: partition_test_partitioned PARTITION(dt=102).key SIMPLE [(src1)src1.FieldSchema(name:key, type:string, comment:default), ]
POSTHOOK: Lineage: partition_test_partitioned PARTITION(dt=102).value SIMPLE [(src1)src1.FieldSchema(name:value, type:string, comment:default), ]
tableName:partition_test_partitioned
owner:tianzhao
location:pfile:/home/tianzhao/svn/taobao-trunk/build/ql/test/data/warehouse/partition_test_partitioned
inputformat:org.apache.hadoop.mapred.SequenceFileInputFormat
outputformat:org.apache.hadoop.hive.ql.io.HiveSequenceFileOutputFormat
columns:struct columns { string key, string value}
partitioned:true
partitionColumns:struct partition_columns { string dt}
totalNumberFiles:3
totalFileSize:1189
maxFileSize:603
minFileSize:216
lastAccessTime:0
lastUpdateTime:1307434283000

PREHOOK: query: show table extended like partition_test_partitioned partition(dt=100)
PREHOOK: type: SHOW_TABLESTATUS
POSTHOOK: query: show table extended like partition_test_partitioned partition(dt=100)
POSTHOOK: type: SHOW_TABLESTATUS
POSTHOOK: Lineage: partition_test_partitioned PARTITION(dt=100).key SIMPLE [(src1)src1.FieldSchema(name:key, type:string, comment:default), ]
POSTHOOK: Lineage: partition_test_partitioned PARTITION(dt=100).value SIMPLE [(src1)src1.FieldSchema(name:value, type:string, comment:default), ]
POSTHOOK: Lineage: partition_test_partitioned PARTITION(dt=101).key SIMPLE [(src1)src1.FieldSchema(name:key, type:string, comment:default), ]
POSTHOOK: Lineage: partition_test_partitioned PARTITION(dt=101).value SIMPLE [(src1)src1.FieldSchema(name:value, type:string, comment:default), ]
POSTHOOK: Lineage: partition_test_partitioned PARTITION(dt=102).key SIMPLE [(src1)src1.FieldSchema(name:key, type:string, comment:default), ]
POSTHOOK: Lineage: partition_test_partitioned PARTITION(dt=102).value SIMPLE [(src1)src1.FieldSchema(name:value, type:string, comment:default), ]
tableName:partition_test_partitioned
owner:tianzhao
location:pfile:/home/tianzhao/svn/taobao-trunk/build/ql/test/data/warehouse/partition_test_partitioned/dt=100
inputformat:org.apache.hadoop.mapred.TextInputFormat
outputformat:org.apache.hadoop.hive.ql.io.HiveIgnoreKeyTextOutputFormat
columns:struct columns { string key, string value}
partitioned:true
partitionColumns:struct partition_columns { string dt}
totalNumberFiles:1
totalFileSize:216
maxFileSize:216
minFileSize:216
lastAccessTime:0
lastUpdateTime:1307434283000

PREHOOK: query: show table extended like partition_test_partitioned partition(dt=101)
PREHOOK: type: SHOW_TABLESTATUS
POSTHOOK: query: show table extended like partition_test_partitioned partition(dt=101)
POSTHOOK: type: SHOW_TABLESTATUS
POSTHOOK: Lineage: partition_test_partitioned PARTITION(dt=100).key SIMPLE [(src1)src1.FieldSchema(name:key, type:string, comment:default), ]
POSTHOOK: Lineage: partition_test_partitioned PARTITION(dt=100).value SIMPLE [(src1)src1.FieldSchema(name:value, type:string, comment:default), ]
POSTHOOK: Lineage: partition_test_partitioned PARTITION(dt=101).key SIMPLE [(src1)src1.FieldSchema(name:key, type:string, comment:default), ]
POSTHOOK: Lineage: partition_test_partitioned PARTITION(dt=101).value SIMPLE [(src1)src1.FieldSchema(name:value, type:string, comment:default), ]
POSTHOOK: Lineage: partition_test_partitioned PARTITION(dt=102).key SIMPLE [(src1)src1.FieldSchema(name:key, type:string, comment:default), ]
POSTHOOK: Lineage: partition_test_partitioned PARTITION(dt=102).value SIMPLE [(src1)src1.FieldSchema(name:value, type:string, comment:default), ]
tableName:partition_test_partitioned
owner:tianzhao
location:pfile:/home/tianzhao/svn/taobao-trunk/build/ql/test/data/warehouse/partition_test_partitioned/dt=101
inputformat:org.apache.hadoop.hive.ql.io.RCFileInputFormat
outputformat:org.apache.hadoop.hive.ql.io.RCFileOutputFormat
columns:struct columns { string key, string value}
partitioned:true
partitionColumns:struct partition_columns { string dt}
totalNumberFiles:1
totalFileSize:370
maxFileSize:370
minFileSize:370
lastAccessTime:0
lastUpdateTime:1307434283000

PREHOOK: query: show table extended like partition_test_partitioned partition(dt=102)
PREHOOK: type: SHOW_TABLESTATUS
POSTHOOK: query: show table extended like partition_test_partitioned partition(dt=102)
POSTHOOK: type: SHOW_TABLESTATUS
POSTHOOK: Lineage: partition_test_partitioned PARTITION(dt=100).key SIMPLE [(src1)src1.FieldSchema(name:key, type:string, comment:default), ]
POSTHOOK: Lineage: partition_test_partitioned PARTITION(dt=100).value SIMPLE [(src1)src1.FieldSchema(name:value, type:string, comment:default), ]
POSTHOOK: Lineage: partition_test_partitioned PARTITION(dt=101).key SIMPLE [(src1)src1.FieldSchema(name:key, type:string, comment:default), ]
POSTHOOK: Lineage: partition_test_partitioned PARTITION(dt=101).value SIMPLE [(src1)src1.FieldSchema(name:value, type:string, comment:default), ]
POSTHOOK: Lineage: partition_test_partitioned PARTITION(dt=102).key SIMPLE [(src1)src1.FieldSchema(name:key, type:string, comment:default), ]
POSTHOOK: Lineage: partition_test_partitioned PARTITION(dt=102).value SIMPLE [(src1)src1.FieldSchema(name:value, type:string, comment:default), ]
tableName:partition_test_partitioned
owner:tianzhao
location:pfile:/home/tianzhao/svn/taobao-trunk/build/ql/test/data/warehouse/partition_test_partitioned/dt=102
inputformat:org.apache.hadoop.mapred.SequenceFileInputFormat
outputformat:org.apache.hadoop.hive.ql.io.HiveSequenceFileOutputFormat
columns:struct columns { string key, string value}
partitioned:true
partitionColumns:struct partition_columns { string dt}
totalNumberFiles:1
totalFileSize:603
maxFileSize:603
minFileSize:603
lastAccessTime:0
lastUpdateTime:1307434283000

PREHOOK: query: select key from partition_test_partitioned where dt=100
PREHOOK: type: QUERY
PREHOOK: Input: default@partition_test_partitioned@dt=100
PREHOOK: Output: file:/tmp/tianzhao/hive_2011-06-07_01-11-23_830_7261366895097541112/-mr-10000
POSTHOOK: query: select key from partition_test_partitioned where dt=100
POSTHOOK: type: QUERY
POSTHOOK: Input: default@partition_test_partitioned@dt=100
POSTHOOK: Output: file:/tmp/tianzhao/hive_2011-06-07_01-11-23_830_7261366895097541112/-mr-10000
POSTHOOK: Lineage: partition_test_partitioned PARTITION(dt=100).key SIMPLE [(src1)src1.FieldSchema(name:key, type:string, comment:default), ]
POSTHOOK: Lineage: partition_test_partitioned PARTITION(dt=100).value SIMPLE [(src1)src1.FieldSchema(name:value, type:string, comment:default), ]
POSTHOOK: Lineage: partition_test_partitioned PARTITION(dt=101).key SIMPLE [(src1)src1.FieldSchema(name:key, type:string, comment:default), ]
POSTHOOK: Lineage: partition_test_partitioned PARTITION(dt=101).value SIMPLE [(src1)src1.FieldSchema(name:value, type:string, comment:default), ]
POSTHOOK: Lineage: partition_test_partitioned PARTITION(dt=102).key SIMPLE [(src1)src1.FieldSchema(name:key, type:string, comment:default), ]
POSTHOOK: Lineage: partition_test_partitioned PARTITION(dt=102).value SIMPLE [(src1)src1.FieldSchema(name:value, type:string, comment:default), ]
238

311



255
278
98



401
150
273
224
369
66
128
213
146
406



PREHOOK: query: select key from partition_test_partitioned where dt=101
PREHOOK: type: QUERY
PREHOOK: Input: default@partition_test_partitioned@dt=101
PREHOOK: Output: file:/tmp/tianzhao/hive_2011-06-07_01-11-26_598_7188984965284824783/-mr-10000
POSTHOOK: query: select key from partition_test_partitioned where dt=101
POSTHOOK: type: QUERY
POSTHOOK: Input: default@partition_test_partitioned@dt=101
POSTHOOK: Output: file:/tmp/tianzhao/hive_2011-06-07_01-11-26_598_7188984965284824783/-mr-10000
POSTHOOK: Lineage: partition_test_partitioned PARTITION(dt=100).key SIMPLE [(src1)src1.FieldSchema(name:key, type:string, comment:default), ]
POSTHOOK: Lineage: partition_test_partitioned PARTITION(dt=100).value SIMPLE [(src1)src1.FieldSchema(name:value, type:string, comment:default), ]
POSTHOOK: Lineage: partition_test_partitioned PARTITION(dt=101).key SIMPLE [(src1)src1.FieldSchema(name:key, type:string, comment:default), ]
POSTHOOK: Lineage: partition_test_partitioned PARTITION(dt=101).value SIMPLE [(src1)src1.FieldSchema(name:value, type:string, comment:default), ]
POSTHOOK: Lineage: partition_test_partitioned PARTITION(dt=102).key SIMPLE [(src1)src1.FieldSchema(name:key, type:string, comment:default), ]
POSTHOOK: Lineage: partition_test_partitioned PARTITION(dt=102).value SIMPLE [(src1)src1.FieldSchema(name:value, type:string, comment:default), ]
238

311



255
278
98



401
150
273
224
369
66
128
213
146
406



PREHOOK: query: select key from partition_test_partitioned where dt=102
PREHOOK: type: QUERY
PREHOOK: Input: default@partition_test_partitioned@dt=102
PREHOOK: Output: file:/tmp/tianzhao/hive_2011-06-07_01-11-29_371_8465616881510324804/-mr-10000
POSTHOOK: query: select key from partition_test_partitioned where dt=102
POSTHOOK: type: QUERY
POSTHOOK: Input: default@partition_test_partitioned@dt=102
POSTHOOK: Output: file:/tmp/tianzhao/hive_2011-06-07_01-11-29_371_8465616881510324804/-mr-10000
POSTHOOK: Lineage: partition_test_partitioned PARTITION(dt=100).key SIMPLE [(src1)src1.FieldSchema(name:key, type:string, comment:default), ]
POSTHOOK: Lineage: partition_test_partitioned PARTITION(dt=100).value SIMPLE [(src1)src1.FieldSchema(name:value, type:string, comment:default), ]
POSTHOOK: Lineage: partition_test_partitioned PARTITION(dt=101).key SIMPLE [(src1)src1.FieldSchema(name:key, type:string, comment:default), ]
POSTHOOK: Lineage: partition_test_partitioned PARTITION(dt=101).value SIMPLE [(src1)src1.FieldSchema(name:value, type:string, comment:default), ]
POSTHOOK: Lineage: partition_test_partitioned PARTITION(dt=102).key SIMPLE [(src1)src1.FieldSchema(name:key, type:string, comment:default), ]
POSTHOOK: Lineage: partition_test_partitioned PARTITION(dt=102).value SIMPLE [(src1)src1.FieldSchema(name:value, type:string, comment:default), ]
238

311



255
278
98



401
150
273
224
369
66
128
213
146
406



PREHOOK: query: select key from partition_test_partitioned
PREHOOK: type: QUERY
PREHOOK: Input: default@partition_test_partitioned@dt=100
PREHOOK: Input: default@partition_test_partitioned@dt=101
PREHOOK: Input: default@partition_test_partitioned@dt=102
PREHOOK: Output: file:/tmp/tianzhao/hive_2011-06-07_01-11-32_100_9120711473065770831/-mr-10000
POSTHOOK: query: select key from partition_test_partitioned
POSTHOOK: type: QUERY
POSTHOOK: Input: default@partition_test_partitioned@dt=100
POSTHOOK: Input: default@partition_test_partitioned@dt=101
POSTHOOK: Input: default@partition_test_partitioned@dt=102
POSTHOOK: Output: file:/tmp/tianzhao/hive_2011-06-07_01-11-32_100_9120711473065770831/-mr-10000
POSTHOOK: Lineage: partition_test_partitioned PARTITION(dt=100).key SIMPLE [(src1)src1.FieldSchema(name:key, type:string, comment:default), ]
POSTHOOK: Lineage: partition_test_partitioned PARTITION(dt=100).value SIMPLE [(src1)src1.FieldSchema(name:value, type:string, comment:default), ]
POSTHOOK: Lineage: partition_test_partitioned PARTITION(dt=101).key SIMPLE [(src1)src1.FieldSchema(name:key, type:string, comment:default), ]
POSTHOOK: Lineage: partition_test_partitioned PARTITION(dt=101).value SIMPLE [(src1)src1.FieldSchema(name:value, type:string, comment:default), ]
POSTHOOK: Lineage: partition_test_partitioned PARTITION(dt=102).key SIMPLE [(src1)src1.FieldSchema(name:key, type:string, comment:default), ]
POSTHOOK: Lineage: partition_test_partitioned PARTITION(dt=102).value SIMPLE [(src1)src1.FieldSchema(name:value, type:string, comment:default), ]
238

311



255
278
98



401
150
273
224
369
66
128
213
146
406



238

311



255
278
98



401
150
273
224
369
66
128
213
146
406



238

311



255
278
98



401
150
273
224
369
66
128
213
146
406



PREHOOK: query: select key from partition_test_partitioned where dt >=100 and dt <= 102
PREHOOK: type: QUERY
PREHOOK: Input: default@partition_test_partitioned@dt=100
PREHOOK: Input: default@partition_test_partitioned@dt=101
PREHOOK: Input: default@partition_test_partitioned@dt=102
PREHOOK: Output: file:/tmp/tianzhao/hive_2011-06-07_01-11-34_977_7873204706904741197/-mr-10000
POSTHOOK: query: select key from partition_test_partitioned where dt >=100 and dt <= 102
POSTHOOK: type: QUERY
POSTHOOK: Input: default@partition_test_partitioned@dt=100
POSTHOOK: Input: default@partition_test_partitioned@dt=101
POSTHOOK: Input: default@partition_test_partitioned@dt=102
POSTHOOK: Output: file:/tmp/tianzhao/hive_2011-06-07_01-11-34_977_7873204706904741197/-mr-10000
POSTHOOK: Lineage: partition_test_partitioned PARTITION(dt=100).key SIMPLE [(src1)src1.FieldSchema(name:key, type:string, comment:default), ]
POSTHOOK: Lineage: partition_test_partitioned PARTITION(dt=100).value SIMPLE [(src1)src1.FieldSchema(name:value, type:string, comment:default), ]
POSTHOOK: Lineage: partition_test_partitioned PARTITION(dt=101).key SIMPLE [(src1)src1.FieldSchema(name:key, type:string, comment:default), ]
POSTHOOK: Lineage: partition_test_partitioned PARTITION(dt=101).value SIMPLE [(src1)src1.FieldSchema(name:value, type:string, comment:default), ]
POSTHOOK: Lineage: partition_test_partitioned PARTITION(dt=102).key SIMPLE [(src1)src1.FieldSchema(name:key, type:string, comment:default), ]
POSTHOOK: Lineage: partition_test_partitioned PARTITION(dt=102).value SIMPLE [(src1)src1.FieldSchema(name:value, type:string, comment:default), ]
238

311



255
278
98



401
150
273
224
369
66
128
213
146
406



238

311



255
278
98



401
150
273
224
369
66
128
213
146
406



238

311



255
278
98



401
150
273
224
369
66
128
213
146
406



PREHOOK: query: drop table partition_test_partitioned
PREHOOK: type: DROPTABLE
POSTHOOK: query: drop table partition_test_partitioned
POSTHOOK: type: DROPTABLE
POSTHOOK: Output: default@partition_test_partitioned
POSTHOOK: Lineage: partition_test_partitioned PARTITION(dt=100).key SIMPLE [(src1)src1.FieldSchema(name:key, type:string, comment:default), ]
POSTHOOK: Lineage: partition_test_partitioned PARTITION(dt=100).value SIMPLE [(src1)src1.FieldSchema(name:value, type:string, comment:default), ]
POSTHOOK: Lineage: partition_test_partitioned PARTITION(dt=101).key SIMPLE [(src1)src1.FieldSchema(name:key, type:string, comment:default), ]
POSTHOOK: Lineage: partition_test_partitioned PARTITION(dt=101).value SIMPLE [(src1)src1.FieldSchema(name:value, type:string, comment:default), ]
POSTHOOK: Lineage: partition_test_partitioned PARTITION(dt=102).key SIMPLE [(src1)src1.FieldSchema(name:key, type:string, comment:default), ]
POSTHOOK: Lineage: partition_test_partitioned PARTITION(dt=102).value SIMPLE [(src1)src1.FieldSchema(name:value, type:string, comment:default), ]
