PREHOOK: query: DESCRIBE FUNCTION unix_timestamp
PREHOOK: type: DESCFUNCTION
POSTHOOK: query: DESCRIBE FUNCTION unix_timestamp
POSTHOOK: type: DESCFUNCTION
unix_timestamp([date[, pattern]]) - Returns the UNIX timestamp
PREHOOK: query: DESCRIBE FUNCTION EXTENDED unix_timestamp
PREHOOK: type: DESCFUNCTION
POSTHOOK: query: DESCRIBE FUNCTION EXTENDED unix_timestamp
POSTHOOK: type: DESCFUNCTION
unix_timestamp([date[, pattern]]) - Returns the UNIX timestamp
Converts the current or specified time to number of seconds since 1970-01-01.
PREHOOK: query: SELECT
  '2009-03-20 11:30:01',
  unix_timestamp('2009-03-20 11:30:01')
FROM src LIMIT 1
PREHOOK: type: QUERY
PREHOOK: Input: default@src
PREHOOK: Output: file:/tmp/roo/hive_2011-09-05_05-28-21_155_723473314494083301/-mr-10000
POSTHOOK: query: SELECT
  '2009-03-20 11:30:01',
  unix_timestamp('2009-03-20 11:30:01')
FROM src LIMIT 1
POSTHOOK: type: QUERY
POSTHOOK: Input: default@src
POSTHOOK: Output: file:/tmp/roo/hive_2011-09-05_05-28-21_155_723473314494083301/-mr-10000
2009-03-20 11:30:01	1237573801
PREHOOK: query: SELECT
  '2009-03-20',
  unix_timestamp('2009-03-20', 'yyyy-MM-dd')
FROM src LIMIT 1
PREHOOK: type: QUERY
PREHOOK: Input: default@src
PREHOOK: Output: file:/tmp/roo/hive_2011-09-05_05-28-25_872_4870354674087866412/-mr-10000
POSTHOOK: query: SELECT
  '2009-03-20',
  unix_timestamp('2009-03-20', 'yyyy-MM-dd')
FROM src LIMIT 1
POSTHOOK: type: QUERY
POSTHOOK: Input: default@src
POSTHOOK: Output: file:/tmp/roo/hive_2011-09-05_05-28-25_872_4870354674087866412/-mr-10000
2009-03-20	1237532400
PREHOOK: query: SELECT
  '2009 Mar 20 11:30:01 am',
  unix_timestamp('2009 Mar 20 11:30:01 am', 'yyyy MMM dd h:mm:ss a')
FROM src LIMIT 1
PREHOOK: type: QUERY
PREHOOK: Input: default@src
PREHOOK: Output: file:/tmp/roo/hive_2011-09-05_05-28-29_567_1827252175541660420/-mr-10000
POSTHOOK: query: SELECT
  '2009 Mar 20 11:30:01 am',
  unix_timestamp('2009 Mar 20 11:30:01 am', 'yyyy MMM dd h:mm:ss a')
FROM src LIMIT 1
POSTHOOK: type: QUERY
POSTHOOK: Input: default@src
POSTHOOK: Output: file:/tmp/roo/hive_2011-09-05_05-28-29_567_1827252175541660420/-mr-10000
2009 Mar 20 11:30:01 am	1237573801
PREHOOK: query: SELECT
  'random_string',
  unix_timestamp('random_string')
FROM src LIMIT 1
PREHOOK: type: QUERY
PREHOOK: Input: default@src
PREHOOK: Output: file:/tmp/roo/hive_2011-09-05_05-28-33_011_5231141037825726393/-mr-10000
POSTHOOK: query: SELECT
  'random_string',
  unix_timestamp('random_string')
FROM src LIMIT 1
POSTHOOK: type: QUERY
POSTHOOK: Input: default@src
POSTHOOK: Output: file:/tmp/roo/hive_2011-09-05_05-28-33_011_5231141037825726393/-mr-10000
random_string	NULL
