Semantic Exception: 
Line 2:60 Invalid table alias or column reference 'dummysrc'