Semantic Exception: 
Line 2:83 Invalid table alias or column reference 'dummysrc'