FAILED: Error in semantic analysis: Line 2:50 Invalid table alias or column reference 'key'
