FAILED: Error in semantic analysis: Line 2:44 Invalid table alias or column reference '`..`'
