FAILED: Error in semantic analysis: Line 2:112 Invalid table alias or column reference 'b'
