FAILED: Error in semantic analysis: Line 2:67 Invalid table alias or column reference 'b'
