FAILED: Error in semantic analysis: Line 2:7 Invalid table alias or column reference 'b'
